-- Logs begin at Wed 2016-11-09 03:36:36 EST, end at Wed 2016-11-09 03:36:39 EST. --
Nov 09 03:36:36 unassigned-hostname systemd-journal[166]: Runtime journal is using 4.0M (max allowed 20.0M, trying to leave 30.0M free of 195.8M available → current limit 20.0M).
Nov 09 03:36:36 unassigned-hostname systemd-journal[166]: Runtime journal is using 4.0M (max allowed 20.0M, trying to leave 30.0M free of 195.8M available → current limit 20.0M).
Nov 09 03:36:36 unassigned-hostname kernel: Initializing cgroup subsys cpuset
Nov 09 03:36:36 unassigned-hostname kernel: Initializing cgroup subsys cpu
Nov 09 03:36:36 unassigned-hostname kernel: Initializing cgroup subsys cpuacct
Nov 09 03:36:36 unassigned-hostname kernel: Linux version 3.16.0-4-amd64 (debian-kernel@lists.debian.org) (gcc version 4.8.4 (Debian 4.8.4-1) ) #1 SMP Debian 3.16.36-1+deb8u2 (2016-10-19)
Nov 09 03:36:36 unassigned-hostname kernel: Command line: BOOT_IMAGE=/boot/vmlinuz-3.16.0-4-amd64 root=UUID=2717d6f1-fae2-4974-a532-5f58aea761e9 ro console=ttyS0,115200 quiet
Nov 09 03:36:36 unassigned-hostname kernel: e820: BIOS-provided physical RAM map:
Nov 09 03:36:36 unassigned-hostname kernel: BIOS-e820: [mem 0x0000000000000000-0x000000000009fbff] usable
Nov 09 03:36:36 unassigned-hostname kernel: BIOS-e820: [mem 0x000000000009fc00-0x000000000009ffff] reserved
Nov 09 03:36:36 unassigned-hostname kernel: BIOS-e820: [mem 0x00000000000f0000-0x00000000000fffff] reserved
Nov 09 03:36:36 unassigned-hostname kernel: BIOS-e820: [mem 0x0000000000100000-0x000000003ffdbfff] usable
Nov 09 03:36:36 unassigned-hostname kernel: BIOS-e820: [mem 0x000000003ffdc000-0x000000003fffffff] reserved
Nov 09 03:36:36 unassigned-hostname kernel: BIOS-e820: [mem 0x00000000feffc000-0x00000000feffffff] reserved
Nov 09 03:36:36 unassigned-hostname kernel: BIOS-e820: [mem 0x00000000fffc0000-0x00000000ffffffff] reserved
Nov 09 03:36:36 unassigned-hostname kernel: NX (Execute Disable) protection: active
Nov 09 03:36:36 unassigned-hostname kernel: SMBIOS 2.8 present.
Nov 09 03:36:36 unassigned-hostname kernel: DMI: QEMU Standard PC (i440FX + PIIX, 1996), BIOS 1.9.1-1.fc24 04/01/2014
Nov 09 03:36:36 unassigned-hostname kernel: Hypervisor detected: KVM
Nov 09 03:36:36 unassigned-hostname kernel: e820: update [mem 0x00000000-0x00000fff] usable ==> reserved
Nov 09 03:36:36 unassigned-hostname kernel: e820: remove [mem 0x000a0000-0x000fffff] usable
Nov 09 03:36:36 unassigned-hostname kernel: AGP: No AGP bridge found
Nov 09 03:36:36 unassigned-hostname kernel: e820: last_pfn = 0x3ffdc max_arch_pfn = 0x400000000
Nov 09 03:36:36 unassigned-hostname kernel: MTRR default type: write-back
Nov 09 03:36:36 unassigned-hostname kernel: MTRR fixed ranges enabled:
Nov 09 03:36:36 unassigned-hostname kernel:   00000-9FFFF write-back
Nov 09 03:36:36 unassigned-hostname kernel:   A0000-BFFFF uncachable
Nov 09 03:36:36 unassigned-hostname kernel:   C0000-FFFFF write-protect
Nov 09 03:36:36 unassigned-hostname kernel: MTRR variable ranges enabled:
Nov 09 03:36:36 unassigned-hostname kernel:   0 base 0080000000 mask FF80000000 uncachable
Nov 09 03:36:36 unassigned-hostname kernel:   1 disabled
Nov 09 03:36:36 unassigned-hostname kernel:   2 disabled
Nov 09 03:36:36 unassigned-hostname kernel:   3 disabled
Nov 09 03:36:36 unassigned-hostname kernel:   4 disabled
Nov 09 03:36:36 unassigned-hostname kernel:   5 disabled
Nov 09 03:36:36 unassigned-hostname kernel:   6 disabled
Nov 09 03:36:36 unassigned-hostname kernel:   7 disabled
Nov 09 03:36:36 unassigned-hostname kernel: x86 PAT enabled: cpu 0, old 0x7040600070406, new 0x7010600070106
Nov 09 03:36:36 unassigned-hostname kernel: found SMP MP-table at [mem 0x000f6b80-0x000f6b8f] mapped at [ffff8800000f6b80]
Nov 09 03:36:36 unassigned-hostname kernel: Base memory trampoline at [ffff880000099000] 99000 size 24576
Nov 09 03:36:36 unassigned-hostname kernel: Using GB pages for direct mapping
Nov 09 03:36:36 unassigned-hostname kernel: init_memory_mapping: [mem 0x00000000-0x000fffff]
Nov 09 03:36:36 unassigned-hostname kernel:  [mem 0x00000000-0x000fffff] page 4k
Nov 09 03:36:36 unassigned-hostname kernel: BRK [0x01af4000, 0x01af4fff] PGTABLE
Nov 09 03:36:36 unassigned-hostname kernel: BRK [0x01af5000, 0x01af5fff] PGTABLE
Nov 09 03:36:36 unassigned-hostname kernel: BRK [0x01af6000, 0x01af6fff] PGTABLE
Nov 09 03:36:36 unassigned-hostname kernel: init_memory_mapping: [mem 0x3fc00000-0x3fdfffff]
Nov 09 03:36:36 unassigned-hostname kernel:  [mem 0x3fc00000-0x3fdfffff] page 2M
Nov 09 03:36:36 unassigned-hostname kernel: init_memory_mapping: [mem 0x3c000000-0x3fbfffff]
Nov 09 03:36:36 unassigned-hostname kernel:  [mem 0x3c000000-0x3fbfffff] page 2M
Nov 09 03:36:36 unassigned-hostname kernel: init_memory_mapping: [mem 0x00100000-0x3bffffff]
Nov 09 03:36:36 unassigned-hostname kernel:  [mem 0x00100000-0x001fffff] page 4k
Nov 09 03:36:36 unassigned-hostname kernel:  [mem 0x00200000-0x3bffffff] page 2M
Nov 09 03:36:36 unassigned-hostname kernel: init_memory_mapping: [mem 0x3fe00000-0x3ffdbfff]
Nov 09 03:36:36 unassigned-hostname kernel:  [mem 0x3fe00000-0x3ffdbfff] page 4k
Nov 09 03:36:36 unassigned-hostname kernel: BRK [0x01af7000, 0x01af7fff] PGTABLE
Nov 09 03:36:36 unassigned-hostname kernel: RAMDISK: [mem 0x35eba000-0x36f54fff]
Nov 09 03:36:36 unassigned-hostname kernel: ACPI: Early table checksum verification disabled
Nov 09 03:36:36 unassigned-hostname kernel: ACPI: RSDP 0x00000000000F69B0 000014 (v00 BOCHS )
Nov 09 03:36:36 unassigned-hostname kernel: ACPI: RSDT 0x000000003FFE1710 000030 (v01 BOCHS  BXPCRSDT 00000001 BXPC 00000001)
Nov 09 03:36:36 unassigned-hostname kernel: ACPI: FACP 0x000000003FFE15EC 000074 (v01 BOCHS  BXPCFACP 00000001 BXPC 00000001)
Nov 09 03:36:36 unassigned-hostname kernel: ACPI: DSDT 0x000000003FFE0040 0015AC (v01 BOCHS  BXPCDSDT 00000001 BXPC 00000001)
Nov 09 03:36:36 unassigned-hostname kernel: ACPI: FACS 0x000000003FFE0000 000040
Nov 09 03:36:36 unassigned-hostname kernel: ACPI: APIC 0x000000003FFE1660 000078 (v01 BOCHS  BXPCAPIC 00000001 BXPC 00000001)
Nov 09 03:36:36 unassigned-hostname kernel: ACPI: HPET 0x000000003FFE16D8 000038 (v01 BOCHS  BXPCHPET 00000001 BXPC 00000001)
Nov 09 03:36:36 unassigned-hostname kernel: ACPI: Local APIC address 0xfee00000
Nov 09 03:36:36 unassigned-hostname kernel: No NUMA configuration found
Nov 09 03:36:36 unassigned-hostname kernel: Faking a node at [mem 0x0000000000000000-0x000000003ffdbfff]
Nov 09 03:36:36 unassigned-hostname kernel: Initmem setup node 0 [mem 0x00000000-0x3ffdbfff]
Nov 09 03:36:36 unassigned-hostname kernel:   NODE_DATA [mem 0x3ffd7000-0x3ffdbfff]
Nov 09 03:36:36 unassigned-hostname kernel: kvm-clock: Using msrs 4b564d01 and 4b564d00
Nov 09 03:36:36 unassigned-hostname kernel: kvm-clock: cpu 0, msr 0:3ffcf001, primary cpu clock
Nov 09 03:36:36 unassigned-hostname kernel:  [ffffea0000000000-ffffea0000dfffff] PMD -> [ffff88003e600000-ffff88003f3fffff] on node 0
Nov 09 03:36:36 unassigned-hostname kernel: Zone ranges:
Nov 09 03:36:36 unassigned-hostname kernel:   DMA      [mem 0x00001000-0x00ffffff]
Nov 09 03:36:36 unassigned-hostname kernel:   DMA32    [mem 0x01000000-0xffffffff]
Nov 09 03:36:36 unassigned-hostname kernel:   Normal   empty
Nov 09 03:36:36 unassigned-hostname kernel: Movable zone start for each node
Nov 09 03:36:36 unassigned-hostname kernel: Early memory node ranges
Nov 09 03:36:36 unassigned-hostname kernel:   node   0: [mem 0x00001000-0x0009efff]
Nov 09 03:36:36 unassigned-hostname kernel:   node   0: [mem 0x00100000-0x3ffdbfff]
Nov 09 03:36:36 unassigned-hostname kernel: On node 0 totalpages: 262010
Nov 09 03:36:36 unassigned-hostname kernel:   DMA zone: 56 pages used for memmap
Nov 09 03:36:36 unassigned-hostname kernel:   DMA zone: 21 pages reserved
Nov 09 03:36:36 unassigned-hostname kernel:   DMA zone: 3998 pages, LIFO batch:0
Nov 09 03:36:36 unassigned-hostname kernel:   DMA32 zone: 3528 pages used for memmap
Nov 09 03:36:36 unassigned-hostname kernel:   DMA32 zone: 258012 pages, LIFO batch:31
Nov 09 03:36:36 unassigned-hostname kernel: ACPI: PM-Timer IO Port: 0x608
Nov 09 03:36:36 unassigned-hostname kernel: ACPI: Local APIC address 0xfee00000
Nov 09 03:36:36 unassigned-hostname kernel: ACPI: LAPIC (acpi_id[0x00] lapic_id[0x00] enabled)
Nov 09 03:36:36 unassigned-hostname kernel: ACPI: LAPIC_NMI (acpi_id[0xff] dfl dfl lint[0x1])
Nov 09 03:36:36 unassigned-hostname kernel: ACPI: IOAPIC (id[0x00] address[0xfec00000] gsi_base[0])
Nov 09 03:36:36 unassigned-hostname kernel: IOAPIC[0]: apic_id 0, version 17, address 0xfec00000, GSI 0-23
Nov 09 03:36:36 unassigned-hostname kernel: ACPI: INT_SRC_OVR (bus 0 bus_irq 0 global_irq 2 dfl dfl)
Nov 09 03:36:36 unassigned-hostname kernel: ACPI: INT_SRC_OVR (bus 0 bus_irq 5 global_irq 5 high level)
Nov 09 03:36:36 unassigned-hostname kernel: ACPI: INT_SRC_OVR (bus 0 bus_irq 9 global_irq 9 high level)
Nov 09 03:36:36 unassigned-hostname kernel: ACPI: INT_SRC_OVR (bus 0 bus_irq 10 global_irq 10 high level)
Nov 09 03:36:36 unassigned-hostname kernel: ACPI: INT_SRC_OVR (bus 0 bus_irq 11 global_irq 11 high level)
Nov 09 03:36:36 unassigned-hostname kernel: ACPI: IRQ0 used by override.
Nov 09 03:36:36 unassigned-hostname kernel: ACPI: IRQ2 used by override.
Nov 09 03:36:36 unassigned-hostname kernel: ACPI: IRQ5 used by override.
Nov 09 03:36:36 unassigned-hostname kernel: ACPI: IRQ9 used by override.
Nov 09 03:36:36 unassigned-hostname kernel: ACPI: IRQ10 used by override.
Nov 09 03:36:36 unassigned-hostname kernel: ACPI: IRQ11 used by override.
Nov 09 03:36:36 unassigned-hostname kernel: Using ACPI (MADT) for SMP configuration information
Nov 09 03:36:36 unassigned-hostname kernel: ACPI: HPET id: 0x8086a201 base: 0xfed00000
Nov 09 03:36:36 unassigned-hostname kernel: smpboot: Allowing 1 CPUs, 0 hotplug CPUs
Nov 09 03:36:36 unassigned-hostname kernel: nr_irqs_gsi: 40
Nov 09 03:36:36 unassigned-hostname kernel: PM: Registered nosave memory: [mem 0x0009f000-0x0009ffff]
Nov 09 03:36:36 unassigned-hostname kernel: PM: Registered nosave memory: [mem 0x000a0000-0x000effff]
Nov 09 03:36:36 unassigned-hostname kernel: PM: Registered nosave memory: [mem 0x000f0000-0x000fffff]
Nov 09 03:36:36 unassigned-hostname kernel: e820: [mem 0x40000000-0xfeffbfff] available for PCI devices
Nov 09 03:36:36 unassigned-hostname kernel: Booting paravirtualized kernel on KVM
Nov 09 03:36:36 unassigned-hostname kernel: setup_percpu: NR_CPUS:512 nr_cpumask_bits:512 nr_cpu_ids:1 nr_node_ids:1
Nov 09 03:36:36 unassigned-hostname kernel: PERCPU: Embedded 27 pages/cpu @ffff88003fc00000 s80960 r8192 d21440 u2097152
Nov 09 03:36:36 unassigned-hostname kernel: pcpu-alloc: s80960 r8192 d21440 u2097152 alloc=1*2097152
Nov 09 03:36:36 unassigned-hostname kernel: pcpu-alloc: [0] 0 
Nov 09 03:36:36 unassigned-hostname kernel: KVM setup async PF for cpu 0
Nov 09 03:36:36 unassigned-hostname kernel: kvm-stealtime: cpu 0, msr 3fc0d080
Nov 09 03:36:36 unassigned-hostname kernel: Built 1 zonelists in Node order, mobility grouping on.  Total pages: 258405
Nov 09 03:36:36 unassigned-hostname kernel: Policy zone: DMA32
Nov 09 03:36:36 unassigned-hostname kernel: Kernel command line: BOOT_IMAGE=/boot/vmlinuz-3.16.0-4-amd64 root=UUID=2717d6f1-fae2-4974-a532-5f58aea761e9 ro console=ttyS0,115200 quiet
Nov 09 03:36:36 unassigned-hostname kernel: PID hash table entries: 4096 (order: 3, 32768 bytes)
Nov 09 03:36:36 unassigned-hostname kernel: xsave: enabled xstate_bv 0x1f, cntxt size 0x440
Nov 09 03:36:36 unassigned-hostname kernel: AGP: Checking aperture...
Nov 09 03:36:36 unassigned-hostname kernel: AGP: No AGP bridge found
Nov 09 03:36:36 unassigned-hostname kernel: Calgary: detecting Calgary via BIOS EBDA area
Nov 09 03:36:36 unassigned-hostname kernel: Calgary: Unable to locate Rio Grande table in EBDA - bailing!
Nov 09 03:36:36 unassigned-hostname kernel: Memory: 1004960K/1048040K available (5237K kernel code, 947K rwdata, 1836K rodata, 1204K init, 840K bss, 43080K reserved)
Nov 09 03:36:36 unassigned-hostname kernel: Hierarchical RCU implementation.
Nov 09 03:36:36 unassigned-hostname kernel:         RCU dyntick-idle grace-period acceleration is enabled.
Nov 09 03:36:36 unassigned-hostname kernel:         RCU restricting CPUs from NR_CPUS=512 to nr_cpu_ids=1.
Nov 09 03:36:36 unassigned-hostname kernel: RCU: Adjusting geometry for rcu_fanout_leaf=16, nr_cpu_ids=1
Nov 09 03:36:36 unassigned-hostname kernel: NR_IRQS:33024 nr_irqs:256 16
Nov 09 03:36:36 unassigned-hostname kernel: Console: colour VGA+ 80x25
Nov 09 03:36:36 unassigned-hostname kernel: console [ttyS0] enabled
Nov 09 03:36:36 unassigned-hostname kernel: hpet clockevent registered
Nov 09 03:36:36 unassigned-hostname kernel: tsc: Detected 2807.998 MHz processor
Nov 09 03:36:36 unassigned-hostname kernel: Calibrating delay loop (skipped) preset value.. 5615.99 BogoMIPS (lpj=11231992)
Nov 09 03:36:36 unassigned-hostname kernel: pid_max: default: 32768 minimum: 301
Nov 09 03:36:36 unassigned-hostname kernel: ACPI: Core revision 20140424
Nov 09 03:36:36 unassigned-hostname kernel: ACPI: All ACPI Tables successfully acquired
Nov 09 03:36:36 unassigned-hostname kernel: Security Framework initialized
Nov 09 03:36:36 unassigned-hostname kernel: AppArmor: AppArmor disabled by boot time parameter
Nov 09 03:36:36 unassigned-hostname kernel: Yama: disabled by default; enable with sysctl kernel.yama.*
Nov 09 03:36:36 unassigned-hostname kernel: Dentry cache hash table entries: 131072 (order: 8, 1048576 bytes)
Nov 09 03:36:36 unassigned-hostname kernel: Inode-cache hash table entries: 65536 (order: 7, 524288 bytes)
Nov 09 03:36:36 unassigned-hostname kernel: Mount-cache hash table entries: 2048 (order: 2, 16384 bytes)
Nov 09 03:36:36 unassigned-hostname kernel: Mountpoint-cache hash table entries: 2048 (order: 2, 16384 bytes)
Nov 09 03:36:36 unassigned-hostname kernel: Initializing cgroup subsys memory
Nov 09 03:36:36 unassigned-hostname kernel: Initializing cgroup subsys devices
Nov 09 03:36:36 unassigned-hostname kernel: Initializing cgroup subsys freezer
Nov 09 03:36:36 unassigned-hostname kernel: Initializing cgroup subsys net_cls
Nov 09 03:36:36 unassigned-hostname kernel: Initializing cgroup subsys blkio
Nov 09 03:36:36 unassigned-hostname kernel: Initializing cgroup subsys perf_event
Nov 09 03:36:36 unassigned-hostname kernel: Initializing cgroup subsys net_prio
Nov 09 03:36:36 unassigned-hostname kernel: mce: CPU supports 10 MCE banks
Nov 09 03:36:36 unassigned-hostname kernel: Last level iTLB entries: 4KB 0, 2MB 0, 4MB 0
                                            Last level dTLB entries: 4KB 0, 2MB 0, 4MB 0, 1GB 0
                                            tlb_flushall_shift: 6
Nov 09 03:36:36 unassigned-hostname kernel: Freeing SMP alternatives memory: 20K (ffffffff81a1b000 - ffffffff81a20000)
Nov 09 03:36:36 unassigned-hostname kernel: ftrace: allocating 21697 entries in 85 pages
Nov 09 03:36:36 unassigned-hostname kernel: Enabling x2apic
Nov 09 03:36:36 unassigned-hostname kernel: Enabled x2apic
Nov 09 03:36:36 unassigned-hostname kernel: Switched APIC routing to physical x2apic.
Nov 09 03:36:36 unassigned-hostname kernel: ..TIMER: vector=0x30 apic1=0 pin1=2 apic2=-1 pin2=-1
Nov 09 03:36:36 unassigned-hostname kernel: smpboot: CPU0: Intel(R) Core(TM) i7-6600U CPU @ 2.60GHz (fam: 06, model: 4e, stepping: 03)
Nov 09 03:36:36 unassigned-hostname kernel: TSC deadline timer enabled
Nov 09 03:36:36 unassigned-hostname kernel: Performance Events: generic architected perfmon, Intel PMU driver.
Nov 09 03:36:36 unassigned-hostname kernel: ... version:                2
Nov 09 03:36:36 unassigned-hostname kernel: ... bit width:              48
Nov 09 03:36:36 unassigned-hostname kernel: ... generic registers:      4
Nov 09 03:36:36 unassigned-hostname kernel: ... value mask:             0000ffffffffffff
Nov 09 03:36:36 unassigned-hostname kernel: ... max period:             000000007fffffff
Nov 09 03:36:36 unassigned-hostname kernel: ... fixed-purpose events:   3
Nov 09 03:36:36 unassigned-hostname kernel: ... event mask:             000000070000000f
Nov 09 03:36:36 unassigned-hostname kernel: x86: Booted up 1 node, 1 CPUs
Nov 09 03:36:36 unassigned-hostname kernel: smpboot: Total of 1 processors activated (5615.99 BogoMIPS)
Nov 09 03:36:36 unassigned-hostname kernel: NMI watchdog: enabled on all CPUs, permanently consumes one hw-PMU counter.
Nov 09 03:36:36 unassigned-hostname kernel: devtmpfs: initialized
Nov 09 03:36:36 unassigned-hostname kernel: pinctrl core: initialized pinctrl subsystem
Nov 09 03:36:36 unassigned-hostname kernel: NET: Registered protocol family 16
Nov 09 03:36:36 unassigned-hostname kernel: cpuidle: using governor ladder
Nov 09 03:36:36 unassigned-hostname kernel: cpuidle: using governor menu
Nov 09 03:36:36 unassigned-hostname kernel: ACPI: bus type PCI registered
Nov 09 03:36:36 unassigned-hostname kernel: acpiphp: ACPI Hot Plug PCI Controller Driver version: 0.5
Nov 09 03:36:36 unassigned-hostname kernel: PCI: Using configuration type 1 for base access
Nov 09 03:36:36 unassigned-hostname kernel: ACPI: Added _OSI(Module Device)
Nov 09 03:36:36 unassigned-hostname kernel: ACPI: Added _OSI(Processor Device)
Nov 09 03:36:36 unassigned-hostname kernel: ACPI: Added _OSI(3.0 _SCP Extensions)
Nov 09 03:36:36 unassigned-hostname kernel: ACPI: Added _OSI(Processor Aggregator Device)
Nov 09 03:36:36 unassigned-hostname kernel: ACPI: Interpreter enabled
Nov 09 03:36:36 unassigned-hostname kernel: ACPI Exception: AE_NOT_FOUND, While evaluating Sleep State [\_S1_] (20140424/hwxface-580)
Nov 09 03:36:36 unassigned-hostname kernel: ACPI Exception: AE_NOT_FOUND, While evaluating Sleep State [\_S2_] (20140424/hwxface-580)
Nov 09 03:36:36 unassigned-hostname kernel: ACPI: (supports S0 S3 S4 S5)
Nov 09 03:36:36 unassigned-hostname kernel: ACPI: Using IOAPIC for interrupt routing
Nov 09 03:36:36 unassigned-hostname kernel: PCI: Using host bridge windows from ACPI; if necessary, use "pci=nocrs" and report a bug
Nov 09 03:36:36 unassigned-hostname kernel: ACPI: PCI Root Bridge [PCI0] (domain 0000 [bus 00-ff])
Nov 09 03:36:36 unassigned-hostname kernel: acpi PNP0A03:00: _OSC: OS supports [ASPM ClockPM Segments MSI]
Nov 09 03:36:36 unassigned-hostname kernel: acpi PNP0A03:00: _OSC failed (AE_NOT_FOUND); disabling ASPM
Nov 09 03:36:36 unassigned-hostname kernel: acpi PNP0A03:00: fail to add MMCONFIG information, can't access extended PCI configuration space under this bridge.
Nov 09 03:36:36 unassigned-hostname kernel: acpiphp: Slot [2] registered
Nov 09 03:36:36 unassigned-hostname kernel: acpiphp: Slot [3] registered
Nov 09 03:36:36 unassigned-hostname kernel: acpiphp: Slot [4] registered
Nov 09 03:36:36 unassigned-hostname kernel: acpiphp: Slot [5] registered
Nov 09 03:36:36 unassigned-hostname kernel: acpiphp: Slot [6] registered
Nov 09 03:36:36 unassigned-hostname kernel: acpiphp: Slot [7] registered
Nov 09 03:36:36 unassigned-hostname kernel: acpiphp: Slot [8] registered
Nov 09 03:36:36 unassigned-hostname kernel: acpiphp: Slot [9] registered
Nov 09 03:36:36 unassigned-hostname kernel: acpiphp: Slot [10] registered
Nov 09 03:36:36 unassigned-hostname kernel: acpiphp: Slot [11] registered
Nov 09 03:36:36 unassigned-hostname kernel: acpiphp: Slot [12] registered
Nov 09 03:36:36 unassigned-hostname kernel: acpiphp: Slot [13] registered
Nov 09 03:36:36 unassigned-hostname kernel: acpiphp: Slot [14] registered
Nov 09 03:36:36 unassigned-hostname kernel: acpiphp: Slot [15] registered
Nov 09 03:36:36 unassigned-hostname kernel: acpiphp: Slot [16] registered
Nov 09 03:36:36 unassigned-hostname kernel: acpiphp: Slot [17] registered
Nov 09 03:36:36 unassigned-hostname kernel: acpiphp: Slot [18] registered
Nov 09 03:36:36 unassigned-hostname kernel: acpiphp: Slot [19] registered
Nov 09 03:36:36 unassigned-hostname kernel: acpiphp: Slot [20] registered
Nov 09 03:36:36 unassigned-hostname kernel: acpiphp: Slot [21] registered
Nov 09 03:36:36 unassigned-hostname kernel: acpiphp: Slot [22] registered
Nov 09 03:36:36 unassigned-hostname kernel: acpiphp: Slot [23] registered
Nov 09 03:36:36 unassigned-hostname kernel: acpiphp: Slot [24] registered
Nov 09 03:36:36 unassigned-hostname kernel: acpiphp: Slot [25] registered
Nov 09 03:36:36 unassigned-hostname kernel: acpiphp: Slot [26] registered
Nov 09 03:36:36 unassigned-hostname kernel: acpiphp: Slot [27] registered
Nov 09 03:36:36 unassigned-hostname kernel: acpiphp: Slot [28] registered
Nov 09 03:36:36 unassigned-hostname kernel: acpiphp: Slot [29] registered
Nov 09 03:36:36 unassigned-hostname kernel: acpiphp: Slot [30] registered
Nov 09 03:36:36 unassigned-hostname kernel: acpiphp: Slot [31] registered
Nov 09 03:36:36 unassigned-hostname kernel: PCI host bridge to bus 0000:00
Nov 09 03:36:36 unassigned-hostname kernel: pci_bus 0000:00: root bus resource [bus 00-ff]
Nov 09 03:36:36 unassigned-hostname kernel: pci_bus 0000:00: root bus resource [io  0x0000-0x0cf7]
Nov 09 03:36:36 unassigned-hostname kernel: pci_bus 0000:00: root bus resource [io  0x0d00-0xffff]
Nov 09 03:36:36 unassigned-hostname kernel: pci_bus 0000:00: root bus resource [mem 0x000a0000-0x000bffff]
Nov 09 03:36:36 unassigned-hostname kernel: pci_bus 0000:00: root bus resource [mem 0x40000000-0xfebfffff]
Nov 09 03:36:36 unassigned-hostname kernel: pci 0000:00:00.0: [8086:1237] type 00 class 0x060000
Nov 09 03:36:36 unassigned-hostname kernel: pci 0000:00:01.0: [8086:7000] type 00 class 0x060100
Nov 09 03:36:36 unassigned-hostname kernel: pci 0000:00:01.1: [8086:7010] type 00 class 0x010180
Nov 09 03:36:36 unassigned-hostname kernel: pci 0000:00:01.1: reg 0x20: [io  0xc0e0-0xc0ef]
Nov 09 03:36:36 unassigned-hostname kernel: pci 0000:00:01.1: legacy IDE quirk: reg 0x10: [io  0x01f0-0x01f7]
Nov 09 03:36:36 unassigned-hostname kernel: pci 0000:00:01.1: legacy IDE quirk: reg 0x14: [io  0x03f6]
Nov 09 03:36:36 unassigned-hostname kernel: pci 0000:00:01.1: legacy IDE quirk: reg 0x18: [io  0x0170-0x0177]
Nov 09 03:36:36 unassigned-hostname kernel: pci 0000:00:01.1: legacy IDE quirk: reg 0x1c: [io  0x0376]
Nov 09 03:36:36 unassigned-hostname kernel: pci 0000:00:01.2: [8086:7020] type 00 class 0x0c0300
Nov 09 03:36:36 unassigned-hostname kernel: pci 0000:00:01.2: reg 0x20: [io  0xc080-0xc09f]
Nov 09 03:36:36 unassigned-hostname kernel: pci 0000:00:01.3: [8086:7113] type 00 class 0x068000
Nov 09 03:36:36 unassigned-hostname kernel: pci 0000:00:01.3: quirk: [io  0x0600-0x063f] claimed by PIIX4 ACPI
Nov 09 03:36:36 unassigned-hostname kernel: pci 0000:00:01.3: quirk: [io  0x0700-0x070f] claimed by PIIX4 SMB
Nov 09 03:36:36 unassigned-hostname kernel: pci 0000:00:02.0: [1af4:1000] type 00 class 0x020000
Nov 09 03:36:36 unassigned-hostname kernel: pci 0000:00:02.0: reg 0x10: [io  0xc0a0-0xc0bf]
Nov 09 03:36:36 unassigned-hostname kernel: pci 0000:00:02.0: reg 0x14: [mem 0xfebc0000-0xfebc0fff]
Nov 09 03:36:36 unassigned-hostname kernel: pci 0000:00:02.0: reg 0x30: [mem 0xfeb80000-0xfebbffff pref]
Nov 09 03:36:36 unassigned-hostname kernel: pci 0000:00:03.0: [1af4:1004] type 00 class 0x010000
Nov 09 03:36:36 unassigned-hostname kernel: pci 0000:00:03.0: reg 0x10: [io  0xc000-0xc03f]
Nov 09 03:36:36 unassigned-hostname kernel: pci 0000:00:03.0: reg 0x14: [mem 0xfebc1000-0xfebc1fff]
Nov 09 03:36:36 unassigned-hostname kernel: pci 0000:00:04.0: [1af4:1001] type 00 class 0x010000
Nov 09 03:36:36 unassigned-hostname kernel: pci 0000:00:04.0: reg 0x10: [io  0xc040-0xc07f]
Nov 09 03:36:36 unassigned-hostname kernel: pci 0000:00:04.0: reg 0x14: [mem 0xfebc2000-0xfebc2fff]
Nov 09 03:36:36 unassigned-hostname kernel: pci 0000:00:05.0: [1af4:1002] type 00 class 0x00ff00
Nov 09 03:36:36 unassigned-hostname kernel: pci 0000:00:05.0: reg 0x10: [io  0xc0c0-0xc0df]
Nov 09 03:36:36 unassigned-hostname kernel: ACPI: PCI Interrupt Link [LNKA] (IRQs 5 *10 11)
Nov 09 03:36:36 unassigned-hostname kernel: ACPI: PCI Interrupt Link [LNKB] (IRQs 5 *10 11)
Nov 09 03:36:36 unassigned-hostname kernel: ACPI: PCI Interrupt Link [LNKC] (IRQs 5 10 *11)
Nov 09 03:36:36 unassigned-hostname kernel: ACPI: PCI Interrupt Link [LNKD] (IRQs 5 10 *11)
Nov 09 03:36:36 unassigned-hostname kernel: ACPI: PCI Interrupt Link [LNKS] (IRQs *9)
Nov 09 03:36:36 unassigned-hostname kernel: ACPI: Enabled 16 GPEs in block 00 to 0F
Nov 09 03:36:36 unassigned-hostname kernel: vgaarb: loaded
Nov 09 03:36:36 unassigned-hostname kernel: PCI: Using ACPI for IRQ routing
Nov 09 03:36:36 unassigned-hostname kernel: PCI: pci_cache_line_size set to 64 bytes
Nov 09 03:36:36 unassigned-hostname kernel: e820: reserve RAM buffer [mem 0x0009fc00-0x0009ffff]
Nov 09 03:36:36 unassigned-hostname kernel: e820: reserve RAM buffer [mem 0x3ffdc000-0x3fffffff]
Nov 09 03:36:36 unassigned-hostname kernel: hpet0: at MMIO 0xfed00000, IRQs 2, 8, 0
Nov 09 03:36:36 unassigned-hostname kernel: hpet0: 3 comparators, 64-bit 100.000000 MHz counter
Nov 09 03:36:36 unassigned-hostname kernel: Switched to clocksource kvm-clock
Nov 09 03:36:36 unassigned-hostname kernel: pnp: PnP ACPI init
Nov 09 03:36:36 unassigned-hostname kernel: ACPI: bus type PNP registered
Nov 09 03:36:36 unassigned-hostname kernel: pnp 00:00: Plug and Play ACPI device, IDs PNP0b00 (active)
Nov 09 03:36:36 unassigned-hostname kernel: pnp 00:01: Plug and Play ACPI device, IDs PNP0303 (active)
Nov 09 03:36:36 unassigned-hostname kernel: pnp 00:02: Plug and Play ACPI device, IDs PNP0f13 (active)
Nov 09 03:36:36 unassigned-hostname kernel: pnp 00:03: [dma 2]
Nov 09 03:36:36 unassigned-hostname kernel: pnp 00:03: Plug and Play ACPI device, IDs PNP0700 (active)
Nov 09 03:36:36 unassigned-hostname kernel: pnp 00:04: Plug and Play ACPI device, IDs PNP0501 (active)
Nov 09 03:36:36 unassigned-hostname kernel: pnp: PnP ACPI: found 5 devices
Nov 09 03:36:36 unassigned-hostname kernel: ACPI: bus type PNP unregistered
Nov 09 03:36:36 unassigned-hostname kernel: pci_bus 0000:00: resource 4 [io  0x0000-0x0cf7]
Nov 09 03:36:36 unassigned-hostname kernel: pci_bus 0000:00: resource 5 [io  0x0d00-0xffff]
Nov 09 03:36:36 unassigned-hostname kernel: pci_bus 0000:00: resource 6 [mem 0x000a0000-0x000bffff]
Nov 09 03:36:36 unassigned-hostname kernel: pci_bus 0000:00: resource 7 [mem 0x40000000-0xfebfffff]
Nov 09 03:36:36 unassigned-hostname kernel: NET: Registered protocol family 2
Nov 09 03:36:36 unassigned-hostname kernel: TCP established hash table entries: 8192 (order: 4, 65536 bytes)
Nov 09 03:36:36 unassigned-hostname kernel: TCP bind hash table entries: 8192 (order: 5, 131072 bytes)
Nov 09 03:36:36 unassigned-hostname kernel: TCP: Hash tables configured (established 8192 bind 8192)
Nov 09 03:36:36 unassigned-hostname kernel: TCP: reno registered
Nov 09 03:36:36 unassigned-hostname kernel: UDP hash table entries: 512 (order: 2, 16384 bytes)
Nov 09 03:36:36 unassigned-hostname kernel: UDP-Lite hash table entries: 512 (order: 2, 16384 bytes)
Nov 09 03:36:36 unassigned-hostname kernel: NET: Registered protocol family 1
Nov 09 03:36:36 unassigned-hostname kernel: pci 0000:00:00.0: Limiting direct PCI/PCI transfers
Nov 09 03:36:36 unassigned-hostname kernel: pci 0000:00:01.0: PIIX3: Enabling Passive Release
Nov 09 03:36:36 unassigned-hostname kernel: pci 0000:00:01.0: Activating ISA DMA hang workarounds
Nov 09 03:36:36 unassigned-hostname kernel: ACPI: PCI Interrupt Link [LNKD] enabled at IRQ 11
Nov 09 03:36:36 unassigned-hostname kernel: PCI: CLS 0 bytes, default 64
Nov 09 03:36:36 unassigned-hostname kernel: Unpacking initramfs...
Nov 09 03:36:36 unassigned-hostname kernel: Freeing initrd memory: 17004K (ffff880035eba000 - ffff880036f55000)
Nov 09 03:36:36 unassigned-hostname kernel: microcode: CPU0 sig=0x406e3, pf=0x1, revision=0x1
Nov 09 03:36:36 unassigned-hostname kernel: microcode: Microcode Update Driver: v2.00 <tigran@aivazian.fsnet.co.uk>, Peter Oruba
Nov 09 03:36:36 unassigned-hostname kernel: futex hash table entries: 256 (order: 2, 16384 bytes)
Nov 09 03:36:36 unassigned-hostname kernel: audit: initializing netlink subsys (disabled)
Nov 09 03:36:36 unassigned-hostname kernel: audit: type=2000 audit(1478680595.374:1): initialized
Nov 09 03:36:36 unassigned-hostname kernel: HugeTLB registered 2 MB page size, pre-allocated 0 pages
Nov 09 03:36:36 unassigned-hostname kernel: zbud: loaded
Nov 09 03:36:36 unassigned-hostname kernel: VFS: Disk quotas dquot_6.5.2
Nov 09 03:36:36 unassigned-hostname kernel: Dquot-cache hash table entries: 512 (order 0, 4096 bytes)
Nov 09 03:36:36 unassigned-hostname kernel: msgmni has been set to 1996
Nov 09 03:36:36 unassigned-hostname kernel: alg: No test for stdrng (krng)
Nov 09 03:36:36 unassigned-hostname kernel: Block layer SCSI generic (bsg) driver version 0.4 loaded (major 252)
Nov 09 03:36:36 unassigned-hostname kernel: io scheduler noop registered
Nov 09 03:36:36 unassigned-hostname kernel: io scheduler deadline registered
Nov 09 03:36:36 unassigned-hostname kernel: io scheduler cfq registered (default)
Nov 09 03:36:36 unassigned-hostname kernel: pci_hotplug: PCI Hot Plug PCI Core version: 0.5
Nov 09 03:36:36 unassigned-hostname kernel: pciehp: PCI Express Hot Plug Controller Driver version: 0.4
Nov 09 03:36:36 unassigned-hostname kernel: intel_idle: does not run on family 6 model 78
Nov 09 03:36:36 unassigned-hostname kernel: GHES: HEST is not enabled!
Nov 09 03:36:36 unassigned-hostname kernel: Serial: 8250/16550 driver, 4 ports, IRQ sharing enabled
Nov 09 03:36:36 unassigned-hostname kernel: 00:04: ttyS0 at I/O 0x3f8 (irq = 4, base_baud = 115200) is a 16550A
Nov 09 03:36:36 unassigned-hostname kernel: Linux agpgart interface v0.103
Nov 09 03:36:36 unassigned-hostname kernel: i8042: PNP: PS/2 Controller [PNP0303:KBD,PNP0f13:MOU] at 0x60,0x64 irq 1,12
Nov 09 03:36:36 unassigned-hostname kernel: serio: i8042 KBD port at 0x60,0x64 irq 1
Nov 09 03:36:36 unassigned-hostname kernel: serio: i8042 AUX port at 0x60,0x64 irq 12
Nov 09 03:36:36 unassigned-hostname kernel: mousedev: PS/2 mouse device common for all mice
Nov 09 03:36:36 unassigned-hostname kernel: input: AT Translated Set 2 keyboard as /devices/platform/i8042/serio0/input/input0
Nov 09 03:36:36 unassigned-hostname kernel: rtc_cmos 00:00: RTC can wake from S4
Nov 09 03:36:36 unassigned-hostname kernel: rtc_cmos 00:00: rtc core: registered rtc_cmos as rtc0
Nov 09 03:36:36 unassigned-hostname kernel: rtc_cmos 00:00: alarms up to one day, y3k, 114 bytes nvram, hpet irqs
Nov 09 03:36:36 unassigned-hostname kernel: ledtrig-cpu: registered to indicate activity on CPUs
Nov 09 03:36:36 unassigned-hostname kernel: AMD IOMMUv2 driver by Joerg Roedel <joerg.roedel@amd.com>
Nov 09 03:36:36 unassigned-hostname kernel: AMD IOMMUv2 functionality not available on this system
Nov 09 03:36:36 unassigned-hostname kernel: TCP: cubic registered
Nov 09 03:36:36 unassigned-hostname kernel: NET: Registered protocol family 10
Nov 09 03:36:36 unassigned-hostname kernel: mip6: Mobile IPv6
Nov 09 03:36:36 unassigned-hostname kernel: NET: Registered protocol family 17
Nov 09 03:36:36 unassigned-hostname kernel: mpls_gso: MPLS GSO support
Nov 09 03:36:36 unassigned-hostname kernel: registered taskstats version 1
Nov 09 03:36:36 unassigned-hostname kernel: rtc_cmos 00:00: setting system clock to 2016-11-09 08:36:35 UTC (1478680595)
Nov 09 03:36:36 unassigned-hostname kernel: PM: Hibernation image not present or could not be loaded.
Nov 09 03:36:36 unassigned-hostname kernel: Freeing unused kernel memory: 1204K (ffffffff818ee000 - ffffffff81a1b000)
Nov 09 03:36:36 unassigned-hostname kernel: Write protecting the kernel read-only data: 8192k
Nov 09 03:36:36 unassigned-hostname kernel: Freeing unused kernel memory: 896K (ffff880001520000 - ffff880001600000)
Nov 09 03:36:36 unassigned-hostname kernel: Freeing unused kernel memory: 212K (ffff8800017cb000 - ffff880001800000)
Nov 09 03:36:36 unassigned-hostname systemd-udevd[57]: starting version 215
Nov 09 03:36:36 unassigned-hostname kernel: random: systemd-udevd urandom read with 1 bits of entropy available
Nov 09 03:36:36 unassigned-hostname kernel: SCSI subsystem initialized
Nov 09 03:36:36 unassigned-hostname kernel: ACPI: bus type USB registered
Nov 09 03:36:36 unassigned-hostname kernel: usbcore: registered new interface driver usbfs
Nov 09 03:36:36 unassigned-hostname kernel: usbcore: registered new interface driver hub
Nov 09 03:36:36 unassigned-hostname kernel: libata version 3.00 loaded.
Nov 09 03:36:36 unassigned-hostname kernel: usbcore: registered new device driver usb
Nov 09 03:36:36 unassigned-hostname kernel: ehci_hcd: USB 2.0 'Enhanced' Host Controller (EHCI) Driver
Nov 09 03:36:36 unassigned-hostname kernel: uhci_hcd: USB Universal Host Controller Interface driver
Nov 09 03:36:36 unassigned-hostname kernel: FDC 0 is a S82078B
Nov 09 03:36:36 unassigned-hostname kernel: ACPI: PCI Interrupt Link [LNKB] enabled at IRQ 10
Nov 09 03:36:36 unassigned-hostname kernel: ata_piix 0000:00:01.1: version 2.13
Nov 09 03:36:36 unassigned-hostname kernel: scsi0 : ata_piix
Nov 09 03:36:36 unassigned-hostname kernel: scsi1 : ata_piix
Nov 09 03:36:36 unassigned-hostname kernel: ata1: PATA max MWDMA2 cmd 0x1f0 ctl 0x3f6 bmdma 0xc0e0 irq 14
Nov 09 03:36:36 unassigned-hostname kernel: ata2: PATA max MWDMA2 cmd 0x170 ctl 0x376 bmdma 0xc0e8 irq 15
Nov 09 03:36:36 unassigned-hostname kernel: uhci_hcd 0000:00:01.2: UHCI Host Controller
Nov 09 03:36:36 unassigned-hostname kernel: uhci_hcd 0000:00:01.2: new USB bus registered, assigned bus number 1
Nov 09 03:36:36 unassigned-hostname kernel: uhci_hcd 0000:00:01.2: detected 2 ports
Nov 09 03:36:36 unassigned-hostname kernel: uhci_hcd 0000:00:01.2: irq 11, io base 0x0000c080
Nov 09 03:36:36 unassigned-hostname kernel: usb usb1: New USB device found, idVendor=1d6b, idProduct=0001
Nov 09 03:36:36 unassigned-hostname kernel: usb usb1: New USB device strings: Mfr=3, Product=2, SerialNumber=1
Nov 09 03:36:36 unassigned-hostname kernel: usb usb1: Product: UHCI Host Controller
Nov 09 03:36:36 unassigned-hostname kernel: usb usb1: Manufacturer: Linux 3.16.0-4-amd64 uhci_hcd
Nov 09 03:36:36 unassigned-hostname kernel: usb usb1: SerialNumber: 0000:00:01.2
Nov 09 03:36:36 unassigned-hostname kernel: hub 1-0:1.0: USB hub found
Nov 09 03:36:36 unassigned-hostname kernel: hub 1-0:1.0: 2 ports detected
Nov 09 03:36:36 unassigned-hostname kernel: ACPI: PCI Interrupt Link [LNKC] enabled at IRQ 11
Nov 09 03:36:36 unassigned-hostname kernel: ACPI: PCI Interrupt Link [LNKA] enabled at IRQ 10
Nov 09 03:36:36 unassigned-hostname kernel: virtio-pci 0000:00:04.0: irq 40 for MSI/MSI-X
Nov 09 03:36:36 unassigned-hostname kernel: virtio-pci 0000:00:04.0: irq 41 for MSI/MSI-X
Nov 09 03:36:36 unassigned-hostname kernel: virtio-pci 0000:00:02.0: irq 42 for MSI/MSI-X
Nov 09 03:36:36 unassigned-hostname kernel: virtio-pci 0000:00:02.0: irq 43 for MSI/MSI-X
Nov 09 03:36:36 unassigned-hostname kernel: virtio-pci 0000:00:02.0: irq 44 for MSI/MSI-X
Nov 09 03:36:36 unassigned-hostname kernel: virtio-pci 0000:00:03.0: irq 45 for MSI/MSI-X
Nov 09 03:36:36 unassigned-hostname kernel: virtio-pci 0000:00:03.0: irq 46 for MSI/MSI-X
Nov 09 03:36:36 unassigned-hostname kernel: virtio-pci 0000:00:03.0: irq 47 for MSI/MSI-X
Nov 09 03:36:36 unassigned-hostname kernel: virtio-pci 0000:00:03.0: irq 48 for MSI/MSI-X
Nov 09 03:36:36 unassigned-hostname kernel: scsi2 : Virtio SCSI HBA
Nov 09 03:36:36 unassigned-hostname kernel:  vda: vda1 vda2 < vda5 >
Nov 09 03:36:36 unassigned-hostname kernel: random: nonblocking pool is initialized
Nov 09 03:36:36 unassigned-hostname kernel: ata1.01: ATAPI: QEMU DVD-ROM, 2.5+, max UDMA/100
Nov 09 03:36:36 unassigned-hostname kernel: ata1.01: configured for MWDMA2
Nov 09 03:36:36 unassigned-hostname kernel: scsi 0:0:1:0: CD-ROM            QEMU     QEMU DVD-ROM     2.5+ PQ: 0 ANSI: 5
Nov 09 03:36:36 unassigned-hostname kernel: sr0: scsi3-mmc drive: 4x/4x cd/rw xa/form2 tray
Nov 09 03:36:36 unassigned-hostname kernel: cdrom: Uniform CD-ROM driver Revision: 3.20
Nov 09 03:36:36 unassigned-hostname kernel: sr 0:0:1:0: Attached scsi CD-ROM sr0
Nov 09 03:36:36 unassigned-hostname kernel: sr 0:0:1:0: Attached scsi generic sg0 type 5
Nov 09 03:36:36 unassigned-hostname kernel: device-mapper: uevent: version 1.0.3
Nov 09 03:36:36 unassigned-hostname kernel: device-mapper: ioctl: 4.27.0-ioctl (2013-10-30) initialised: dm-devel@redhat.com
Nov 09 03:36:36 unassigned-hostname kernel: PM: Starting manual resume from disk
Nov 09 03:36:36 unassigned-hostname kernel: PM: Hibernation image partition 254:5 present
Nov 09 03:36:36 unassigned-hostname kernel: PM: Looking for hibernation image.
Nov 09 03:36:36 unassigned-hostname kernel: PM: Image not found (code -22)
Nov 09 03:36:36 unassigned-hostname kernel: PM: Hibernation image not present or could not be loaded.
Nov 09 03:36:36 unassigned-hostname kernel: EXT4-fs (vda1): mounted filesystem with ordered data mode. Opts: (null)
Nov 09 03:36:36 unassigned-hostname systemd[1]: systemd 215 running in system mode. (+PAM +AUDIT +SELINUX +IMA +SYSVINIT +LIBCRYPTSETUP +GCRYPT +ACL +XZ -SECCOMP -APPARMOR)
Nov 09 03:36:36 unassigned-hostname systemd[1]: Detected virtualization 'kvm'.
Nov 09 03:36:36 unassigned-hostname systemd[1]: Detected architecture 'x86-64'.
Nov 09 03:36:36 unassigned-hostname systemd[1]: Inserted module 'autofs4'
Nov 09 03:36:36 unassigned-hostname systemd[1]: Set hostname to <unassigned-hostname>.
Nov 09 03:36:36 unassigned-hostname systemd[1]: Cannot add dependency job for unit display-manager.service, ignoring: Unit display-manager.service failed to load: No such file or directory.
Nov 09 03:36:36 unassigned-hostname systemd[1]: Starting Forward Password Requests to Wall Directory Watch.
Nov 09 03:36:36 unassigned-hostname systemd[1]: Started Forward Password Requests to Wall Directory Watch.
Nov 09 03:36:36 unassigned-hostname systemd[1]: Expecting device dev-ttyS0.device...
Nov 09 03:36:36 unassigned-hostname systemd[1]: Starting Remote File Systems (Pre).
Nov 09 03:36:36 unassigned-hostname systemd[1]: Reached target Remote File Systems (Pre).
Nov 09 03:36:36 unassigned-hostname systemd[1]: Starting Arbitrary Executable File Formats File System Automount Point.
Nov 09 03:36:36 unassigned-hostname systemd[1]: Set up automount Arbitrary Executable File Formats File System Automount Point.
Nov 09 03:36:36 unassigned-hostname systemd[1]: Expecting device dev-disk-by\x2duuid-29932663\x2d8422\x2d4b0c\x2da466\x2d42a21ecfb13e.device...
Nov 09 03:36:36 unassigned-hostname systemd[1]: Starting Root Slice.
Nov 09 03:36:36 unassigned-hostname systemd[1]: Created slice Root Slice.
Nov 09 03:36:36 unassigned-hostname systemd[1]: Starting User and Session Slice.
Nov 09 03:36:36 unassigned-hostname systemd[1]: Created slice User and Session Slice.
Nov 09 03:36:36 unassigned-hostname systemd[1]: Starting Delayed Shutdown Socket.
Nov 09 03:36:36 unassigned-hostname systemd[1]: Listening on Delayed Shutdown Socket.
Nov 09 03:36:36 unassigned-hostname systemd[1]: Starting /dev/initctl Compatibility Named Pipe.
Nov 09 03:36:36 unassigned-hostname systemd[1]: Listening on /dev/initctl Compatibility Named Pipe.
Nov 09 03:36:36 unassigned-hostname systemd[1]: Starting Journal Socket (/dev/log).
Nov 09 03:36:36 unassigned-hostname systemd[1]: Listening on Journal Socket (/dev/log).
Nov 09 03:36:36 unassigned-hostname systemd[1]: Starting Device-mapper event daemon FIFOs.
Nov 09 03:36:36 unassigned-hostname systemd[1]: Listening on Device-mapper event daemon FIFOs.
Nov 09 03:36:36 unassigned-hostname systemd[1]: Starting LVM2 metadata daemon socket.
Nov 09 03:36:36 unassigned-hostname systemd[1]: Listening on LVM2 metadata daemon socket.
Nov 09 03:36:36 unassigned-hostname systemd[1]: Starting udev Control Socket.
Nov 09 03:36:36 unassigned-hostname systemd[1]: Listening on udev Control Socket.
Nov 09 03:36:36 unassigned-hostname systemd[1]: Starting udev Kernel Socket.
Nov 09 03:36:36 unassigned-hostname systemd[1]: Listening on udev Kernel Socket.
Nov 09 03:36:36 unassigned-hostname systemd[1]: Starting Journal Socket.
Nov 09 03:36:36 unassigned-hostname systemd[1]: Listening on Journal Socket.
Nov 09 03:36:36 unassigned-hostname systemd[1]: Starting System Slice.
Nov 09 03:36:36 unassigned-hostname systemd[1]: Created slice System Slice.
Nov 09 03:36:36 unassigned-hostname systemd[1]: Started File System Check on Root Device.
Nov 09 03:36:36 unassigned-hostname systemd[1]: Starting system-getty.slice.
Nov 09 03:36:36 unassigned-hostname systemd[1]: Created slice system-getty.slice.
Nov 09 03:36:36 unassigned-hostname systemd[1]: Starting system-serial\x2dgetty.slice.
Nov 09 03:36:36 unassigned-hostname systemd[1]: Created slice system-serial\x2dgetty.slice.
Nov 09 03:36:36 unassigned-hostname systemd[1]: Starting Increase datagram queue length...
Nov 09 03:36:36 unassigned-hostname systemd[1]: Starting udev Coldplug all Devices...
Nov 09 03:36:36 unassigned-hostname systemd[1]: Starting Load Kernel Modules...
Nov 09 03:36:36 unassigned-hostname systemd[1]: Mounting Huge Pages File System...
Nov 09 03:36:36 unassigned-hostname systemd[1]: Mounting Debug File System...
Nov 09 03:36:36 unassigned-hostname systemd[1]: Started Set Up Additional Binary Formats.
Nov 09 03:36:36 unassigned-hostname systemd[1]: Mounting POSIX Message Queue File System...
Nov 09 03:36:36 unassigned-hostname systemd[1]: Starting Create list of required static device nodes for the current kernel...
Nov 09 03:36:36 unassigned-hostname systemd[1]: Starting Slices.
Nov 09 03:36:36 unassigned-hostname systemd[1]: Reached target Slices.
Nov 09 03:36:36 unassigned-hostname systemd[1]: Started udev Coldplug all Devices.
Nov 09 03:36:36 unassigned-hostname systemd[1]: Starting udev Wait for Complete Device Initialization...
Nov 09 03:36:36 unassigned-hostname systemd[1]: Started Create list of required static device nodes for the current kernel.
Nov 09 03:36:36 unassigned-hostname systemd[1]: Starting Create Static Device Nodes in /dev...
Nov 09 03:36:36 unassigned-hostname kernel: fuse init (API version 7.23)
Nov 09 03:36:36 unassigned-hostname systemd[1]: Started Load Kernel Modules.
Nov 09 03:36:36 unassigned-hostname systemd[1]: Mounted Configuration File System.
Nov 09 03:36:36 unassigned-hostname systemd[1]: Mounting FUSE Control File System...
Nov 09 03:36:36 unassigned-hostname systemd[1]: Starting Apply Kernel Variables...
Nov 09 03:36:36 unassigned-hostname systemd[1]: Mounted POSIX Message Queue File System.
Nov 09 03:36:36 unassigned-hostname systemd[1]: Mounted Debug File System.
Nov 09 03:36:36 unassigned-hostname systemd[1]: Mounted Huge Pages File System.
Nov 09 03:36:36 unassigned-hostname systemd[1]: Started Increase datagram queue length.
Nov 09 03:36:36 unassigned-hostname systemd[1]: Starting Syslog Socket.
Nov 09 03:36:36 unassigned-hostname systemd[1]: Listening on Syslog Socket.
Nov 09 03:36:36 unassigned-hostname systemd[1]: Starting Journal Service...
Nov 09 03:36:36 unassigned-hostname systemd[1]: Started Journal Service.
Nov 09 03:36:36 unassigned-hostname systemd-journal[166]: Journal started
Nov 09 03:36:36 unassigned-hostname systemd-modules-load[151]: Inserted module 'fuse'
Nov 09 03:36:36 unassigned-hostname systemd[1]: Mounted FUSE Control File System.
Nov 09 03:36:36 unassigned-hostname systemd[1]: Started Apply Kernel Variables.
Nov 09 03:36:36 unassigned-hostname systemd[1]: Started Create Static Device Nodes in /dev.
Nov 09 03:36:36 unassigned-hostname systemd[1]: Starting udev Kernel Device Manager...
Nov 09 03:36:36 unassigned-hostname systemd[1]: Started udev Kernel Device Manager.
Nov 09 03:36:36 unassigned-hostname systemd[1]: Starting LSB: Set preliminary keymap...
Nov 09 03:36:36 unassigned-hostname systemd[1]: Starting LSB: Tune IDE hard disks...
Nov 09 03:36:36 unassigned-hostname systemd[1]: Starting LSB: MD array assembly...
Nov 09 03:36:36 unassigned-hostname systemd[1]: Starting LSB: QEMU KVM module loading script...
Nov 09 03:36:36 unassigned-hostname systemd-udevd[172]: starting version 215
Nov 09 03:36:36 unassigned-hostname systemd[1]: Started LSB: QEMU KVM module loading script.
Nov 09 03:36:36 unassigned-hostname hdparm[176]: Setting parameters of disc: (none).
Nov 09 03:36:36 unassigned-hostname systemd[1]: Started LSB: Tune IDE hard disks.
Nov 09 03:36:36 unassigned-hostname mdadm-raid[177]: Assembling MD arrays...done (no arrays found in config file or automatically).
Nov 09 03:36:36 unassigned-hostname systemd[1]: Started LSB: MD array assembly.
Nov 09 03:36:36 unassigned-hostname kernel: input: Power Button as /devices/LNXSYSTM:00/LNXPWRBN:00/input/input3
Nov 09 03:36:36 unassigned-hostname kernel: ACPI: Power Button [PWRF]
Nov 09 03:36:36 unassigned-hostname kernel: piix4_smbus 0000:00:01.3: SMBus Host Controller at 0x700, revision 0
Nov 09 03:36:36 unassigned-hostname kernel: input: PC Speaker as /devices/platform/pcspkr/input/input4
Nov 09 03:36:36 unassigned-hostname systemd[1]: Found device /dev/ttyS0.
Nov 09 03:36:36 unassigned-hostname systemd[1]: Found device /dev/disk/by-uuid/29932663-8422-4b0c-a466-42a21ecfb13e.
Nov 09 03:36:36 unassigned-hostname systemd[1]: Activating swap /dev/disk/by-uuid/29932663-8422-4b0c-a466-42a21ecfb13e...
Nov 09 03:36:36 unassigned-hostname kernel: AVX2 version of gcm_enc/dec engaged.
Nov 09 03:36:36 unassigned-hostname systemd[1]: Activated swap /dev/disk/by-uuid/29932663-8422-4b0c-a466-42a21ecfb13e.
Nov 09 03:36:36 unassigned-hostname systemd[1]: Starting Swap.
Nov 09 03:36:36 unassigned-hostname systemd[1]: Reached target Swap.
Nov 09 03:36:36 unassigned-hostname kernel: Adding 223228k swap on /dev/vda5.  Priority:-1 extents:1 across:223228k FS
Nov 09 03:36:36 unassigned-hostname kernel: ppdev: user-space parallel port driver
Nov 09 03:36:36 unassigned-hostname systemd[1]: Starting system-ifup.slice.
Nov 09 03:36:36 unassigned-hostname systemd[1]: Created slice system-ifup.slice.
Nov 09 03:36:36 unassigned-hostname kernel: alg: No test for __gcm-aes-aesni (__driver-gcm-aes-aesni)
Nov 09 03:36:36 unassigned-hostname keyboard-setup[175]: Setting preliminary keymap...done.
Nov 09 03:36:36 unassigned-hostname systemd[1]: Started LSB: Set preliminary keymap.
Nov 09 03:36:36 unassigned-hostname systemd[1]: Started Show Plymouth Boot Screen.
Nov 09 03:36:36 unassigned-hostname systemd[1]: Started Forward Password Requests to Plymouth Directory Watch.
Nov 09 03:36:36 unassigned-hostname systemd[1]: Starting Dispatch Password Requests to Console Directory Watch.
Nov 09 03:36:36 unassigned-hostname systemd[1]: Started Dispatch Password Requests to Console Directory Watch.
Nov 09 03:36:36 unassigned-hostname systemd[1]: Starting Remount Root and Kernel File Systems...
Nov 09 03:36:36 unassigned-hostname kernel: alg: No test for crc32 (crc32-pclmul)
Nov 09 03:36:36 unassigned-hostname kernel: EXT4-fs (vda1): re-mounted. Opts: errors=remount-ro
Nov 09 03:36:36 unassigned-hostname systemd[1]: Started Remount Root and Kernel File Systems.
Nov 09 03:36:36 unassigned-hostname systemd[1]: Started Various fixups to make systemd work better on Debian.
Nov 09 03:36:36 unassigned-hostname systemd[1]: Starting Load/Save Random Seed...
Nov 09 03:36:36 unassigned-hostname systemd[1]: Starting Local File Systems (Pre).
Nov 09 03:36:36 unassigned-hostname systemd[1]: Reached target Local File Systems (Pre).
Nov 09 03:36:36 unassigned-hostname systemd[1]: Started udev Wait for Complete Device Initialization.
Nov 09 03:36:36 unassigned-hostname systemd[1]: Starting Activation of LVM2 logical volumes...
Nov 09 03:36:36 unassigned-hostname systemd[1]: Starting Copy rules generated while the root was ro...
Nov 09 03:36:36 unassigned-hostname systemd[1]: Started Load/Save Random Seed.
Nov 09 03:36:36 unassigned-hostname systemd[1]: Started Copy rules generated while the root was ro.
Nov 09 03:36:36 unassigned-hostname lvm[280]: No volume groups found
Nov 09 03:36:36 unassigned-hostname systemd[1]: Started Activation of LVM2 logical volumes.
Nov 09 03:36:36 unassigned-hostname systemd[1]: Starting Encrypted Volumes.
Nov 09 03:36:36 unassigned-hostname systemd[1]: Reached target Encrypted Volumes.
Nov 09 03:36:36 unassigned-hostname systemd[1]: Starting Activation of LVM2 logical volumes...
Nov 09 03:36:36 unassigned-hostname lvm[285]: No volume groups found
Nov 09 03:36:36 unassigned-hostname systemd[1]: Started Activation of LVM2 logical volumes.
Nov 09 03:36:36 unassigned-hostname systemd[1]: Starting Monitoring of LVM2 mirrors, snapshots etc. using dmeventd or progress polling...
Nov 09 03:36:36 unassigned-hostname lvm[286]: No volume groups found
Nov 09 03:36:36 unassigned-hostname systemd[1]: Started Monitoring of LVM2 mirrors, snapshots etc. using dmeventd or progress polling.
Nov 09 03:36:36 unassigned-hostname systemd[1]: Starting Local File Systems.
Nov 09 03:36:36 unassigned-hostname systemd[1]: Reached target Local File Systems.
Nov 09 03:36:36 unassigned-hostname systemd[1]: Starting Tell Plymouth To Write Out Runtime Data...
Nov 09 03:36:36 unassigned-hostname systemd[1]: Starting Create Volatile Files and Directories...
Nov 09 03:36:36 unassigned-hostname systemd[1]: Starting Remote File Systems.
Nov 09 03:36:36 unassigned-hostname systemd[1]: Reached target Remote File Systems.
Nov 09 03:36:36 unassigned-hostname systemd[1]: Starting Trigger Flushing of Journal to Persistent Storage...
Nov 09 03:36:36 unassigned-hostname systemd[1]: Starting LSB: Basic SELinux management...
Nov 09 03:36:36 unassigned-hostname systemd[1]: Starting LSB: Prepare console...
Nov 09 03:36:36 unassigned-hostname systemd[1]: Starting LSB: Raise network interfaces....
Nov 09 03:36:36 unassigned-hostname systemd[1]: Starting LSB: ebtables ruleset management...
Nov 09 03:36:36 unassigned-hostname systemd-journal[166]: Permanent journal is using 8.0M (max allowed 778.4M, trying to leave 1.1G free of 5.2G available → current limit 778.4M).
Nov 09 03:36:36 unassigned-hostname systemd-journal[166]: Time spent on flushing to /var is 18.569ms for 547 entries.
Nov 09 03:36:36 unassigned-hostname kernel: input: ImExPS/2 Generic Explorer Mouse as /devices/platform/i8042/serio1/input/input2
Nov 09 03:36:36 unassigned-hostname systemd[1]: Started Trigger Flushing of Journal to Persistent Storage.
Nov 09 03:36:36 unassigned-hostname systemd[1]: Started Tell Plymouth To Write Out Runtime Data.
Nov 09 03:36:36 unassigned-hostname systemd[1]: Started Create Volatile Files and Directories.
Nov 09 03:36:36 unassigned-hostname systemd[1]: Starting Update UTMP about System Boot/Shutdown...
Nov 09 03:36:36 unassigned-hostname systemd[1]: Started Update UTMP about System Boot/Shutdown.
Nov 09 03:36:36 unassigned-hostname systemd[1]: Started LSB: ebtables ruleset management.
Nov 09 03:36:36 unassigned-hostname systemd[1]: Started LSB: Basic SELinux management.
Nov 09 03:36:36 unassigned-hostname kbd[292]: Setting console screen modes.
Nov 09 03:36:36 unassigned-hostname selinux-basics[291]: Checking SELinux contexts: selinux-basics
Nov 09 03:36:36 unassigned-hostname selinux-basics[291]: .
Nov 09 03:36:36 unassigned-hostname kbd[292]: setterm: $TERM is not defined.
Nov 09 03:36:36 unassigned-hostname systemd[1]: Started LSB: Prepare console.
Nov 09 03:36:36 unassigned-hostname systemd[1]: Starting LSB: Set console font and keymap...
Nov 09 03:36:36 unassigned-hostname console-setup[351]: Setting up console font and keymap...done.
Nov 09 03:36:36 unassigned-hostname systemd[1]: Started LSB: Set console font and keymap.
Nov 09 03:36:36 unassigned-hostname networking[293]: Configuring network interfaces...done.
Nov 09 03:36:36 unassigned-hostname systemd[1]: Started LSB: Raise network interfaces..
Nov 09 03:36:36 unassigned-hostname systemd[1]: Starting ifup for eth0...
Nov 09 03:36:36 unassigned-hostname systemd[1]: Started ifup for eth0.
Nov 09 03:36:36 unassigned-hostname systemd[1]: Starting Network.
Nov 09 03:36:36 unassigned-hostname systemd[1]: Reached target Network.
Nov 09 03:36:36 unassigned-hostname systemd[1]: Starting Network is Online.
Nov 09 03:36:36 unassigned-hostname systemd[1]: Reached target Network is Online.
Nov 09 03:36:36 unassigned-hostname systemd[1]: Starting LSB: RPC portmapper replacement...
Nov 09 03:36:36 unassigned-hostname kernel: tsc: Refined TSC clocksource calibration: 2808.068 MHz
Nov 09 03:36:36 unassigned-hostname dhclient[474]: Internet Systems Consortium DHCP Client 4.3.1
Nov 09 03:36:36 unassigned-hostname ifup[456]: Internet Systems Consortium DHCP Client 4.3.1
Nov 09 03:36:36 unassigned-hostname dhclient[474]: Copyright 2004-2014 Internet Systems Consortium.
Nov 09 03:36:36 unassigned-hostname ifup[456]: Copyright 2004-2014 Internet Systems Consortium.
Nov 09 03:36:36 unassigned-hostname dhclient[474]: All rights reserved.
Nov 09 03:36:36 unassigned-hostname ifup[456]: All rights reserved.
Nov 09 03:36:36 unassigned-hostname dhclient[474]: For info, please visit https://www.isc.org/software/dhcp/
Nov 09 03:36:36 unassigned-hostname ifup[456]: For info, please visit https://www.isc.org/software/dhcp/
Nov 09 03:36:36 unassigned-hostname dhclient[474]: 
Nov 09 03:36:36 unassigned-hostname dhclient[474]: Listening on LPF/eth0/9e:00:15:81:00:01
Nov 09 03:36:36 unassigned-hostname dhclient[474]: Sending on   LPF/eth0/9e:00:15:81:00:01
Nov 09 03:36:36 unassigned-hostname dhclient[474]: Sending on   Socket/fallback
Nov 09 03:36:36 unassigned-hostname dhclient[474]: DHCPDISCOVER on eth0 to 255.255.255.255 port 67 interval 6
Nov 09 03:36:36 unassigned-hostname ifup[456]: Listening on LPF/eth0/9e:00:15:81:00:01
Nov 09 03:36:36 unassigned-hostname ifup[456]: Sending on   LPF/eth0/9e:00:15:81:00:01
Nov 09 03:36:36 unassigned-hostname ifup[456]: Sending on   Socket/fallback
Nov 09 03:36:36 unassigned-hostname ifup[456]: DHCPDISCOVER on eth0 to 255.255.255.255 port 67 interval 6
Nov 09 03:36:36 unassigned-hostname rpcbind[457]: Starting rpcbind daemon....
Nov 09 03:36:36 unassigned-hostname systemd[1]: Started LSB: RPC portmapper replacement.
Nov 09 03:36:36 unassigned-hostname systemd[1]: Starting RPC Port Mapper.
Nov 09 03:36:36 unassigned-hostname systemd[1]: Reached target RPC Port Mapper.
Nov 09 03:36:36 unassigned-hostname systemd[1]: Starting LSB: NFS support files common to client and server...
Nov 09 03:36:36 unassigned-hostname rpc.statd[492]: Version 1.2.8 starting
Nov 09 03:36:36 unassigned-hostname sm-notify[493]: Version 1.2.8 starting
Nov 09 03:36:36 unassigned-hostname kernel: RPC: Registered named UNIX socket transport module.
Nov 09 03:36:36 unassigned-hostname kernel: RPC: Registered udp transport module.
Nov 09 03:36:36 unassigned-hostname kernel: RPC: Registered tcp transport module.
Nov 09 03:36:36 unassigned-hostname kernel: RPC: Registered tcp NFSv4.1 backchannel transport module.
Nov 09 03:36:36 unassigned-hostname kernel: FS-Cache: Loaded
Nov 09 03:36:36 unassigned-hostname kernel: FS-Cache: Netfs 'nfs' registered for caching
Nov 09 03:36:36 unassigned-hostname kernel: Installing knfsd (copyright (C) 1996 okir@monad.swb.de).
Nov 09 03:36:36 unassigned-hostname nfs-common[486]: Starting NFS common utilities: statd idmapd.
Nov 09 03:36:36 unassigned-hostname systemd[1]: Started LSB: NFS support files common to client and server.
Nov 09 03:36:36 unassigned-hostname systemd[1]: Starting System Initialization.
Nov 09 03:36:36 unassigned-hostname systemd[1]: Reached target System Initialization.
Nov 09 03:36:36 unassigned-hostname systemd[1]: Starting Virtual machine lock manager socket.
Nov 09 03:36:36 unassigned-hostname systemd[1]: Listening on Virtual machine lock manager socket.
Nov 09 03:36:36 unassigned-hostname systemd[1]: Starting Docker Socket for the API.
Nov 09 03:36:36 unassigned-hostname systemd[1]: Starting D-Bus System Message Bus Socket.
Nov 09 03:36:36 unassigned-hostname systemd[1]: Listening on D-Bus System Message Bus Socket.
Nov 09 03:36:36 unassigned-hostname systemd[1]: Starting ACPID Listen Socket.
Nov 09 03:36:36 unassigned-hostname systemd[1]: Listening on ACPID Listen Socket.
Nov 09 03:36:36 unassigned-hostname systemd[1]: Starting Daily Cleanup of Temporary Directories.
Nov 09 03:36:36 unassigned-hostname systemd[1]: Started Daily Cleanup of Temporary Directories.
Nov 09 03:36:36 unassigned-hostname systemd[1]: Starting Timers.
Nov 09 03:36:36 unassigned-hostname systemd[1]: Reached target Timers.
Nov 09 03:36:36 unassigned-hostname systemd[1]: Starting ACPI Events Check.
Nov 09 03:36:36 unassigned-hostname systemd[1]: Started ACPI Events Check.
Nov 09 03:36:36 unassigned-hostname systemd[1]: Starting Paths.
Nov 09 03:36:36 unassigned-hostname systemd[1]: Reached target Paths.
Nov 09 03:36:36 unassigned-hostname systemd[1]: Listening on Docker Socket for the API.
Nov 09 03:36:36 unassigned-hostname systemd[1]: Starting Sockets.
Nov 09 03:36:36 unassigned-hostname systemd[1]: Reached target Sockets.
Nov 09 03:36:36 unassigned-hostname systemd[1]: Starting Basic System.
Nov 09 03:36:36 unassigned-hostname systemd[1]: Reached target Basic System.
Nov 09 03:36:36 unassigned-hostname systemd[1]: Started Translates SELinux MCS/MLS labels to human readable form.
Nov 09 03:36:36 unassigned-hostname systemd[1]: Starting Network Manager...
Nov 09 03:36:36 unassigned-hostname systemd[1]: Starting Deferred execution scheduler...
Nov 09 03:36:36 unassigned-hostname systemd[1]: Started Deferred execution scheduler.
Nov 09 03:36:36 unassigned-hostname systemd[1]: Starting Modem Manager...
Nov 09 03:36:36 unassigned-hostname systemd[1]: Starting Regular background program processing daemon...
Nov 09 03:36:36 unassigned-hostname systemd[1]: Started Regular background program processing daemon.
Nov 09 03:36:36 unassigned-hostname systemd[1]: Started Restorecon maintaining path file context.
Nov 09 03:36:36 unassigned-hostname systemd[1]: Starting OpenBSD Secure Shell server...
Nov 09 03:36:36 unassigned-hostname systemd[1]: Started OpenBSD Secure Shell server.
Nov 09 03:36:36 unassigned-hostname systemd[1]: Starting Restore /etc/resolv.conf if the system crashed before the ppp link was shut down....
Nov 09 03:36:36 unassigned-hostname systemd[1]: Starting /etc/rc.local Compatibility...
Nov 09 03:36:36 unassigned-hostname systemd[1]: Starting Login Service...
Nov 09 03:36:36 unassigned-hostname systemd[1]: Started getty on tty2-tty6 if dbus and logind are not available.
Nov 09 03:36:36 unassigned-hostname systemd[1]: Starting LSB: Set up cgroupfs mounts....
Nov 09 03:36:36 unassigned-hostname systemd[1]: Starting LSB: Control pmie (performance inference engine for PCP)...
Nov 09 03:36:36 unassigned-hostname systemd[1]: Starting LSB: exim Mail Transport Agent...
Nov 09 03:36:36 unassigned-hostname systemd[1]: Starting LSB: Control pmproxy (the pmcd proxy daemon for PCP)...
Nov 09 03:36:36 unassigned-hostname systemd[1]: Starting LSB: Control pmlogger (the performance metrics logger for PCP)...
Nov 09 03:36:36 unassigned-hostname systemd[1]: Starting LSB: Control pmcd (the collection daemon for PCP)...
Nov 09 03:36:36 unassigned-hostname systemd[1]: Starting D-Bus System Message Bus...
Nov 09 03:36:36 unassigned-hostname systemd[1]: Started D-Bus System Message Bus.
Nov 09 03:36:36 unassigned-hostname cron[511]: (CRON) INFO (pidfile fd = 3)
Nov 09 03:36:36 unassigned-hostname atd[509]: Cannot change to /var/spool/cron/atjobs: No such file or directory
Nov 09 03:36:36 unassigned-hostname cron[511]: (CRON) INFO (Running @reboot jobs)
Nov 09 03:36:36 unassigned-hostname ModemManager[510]: <info>  ModemManager (version 1.4.0) starting in system bus...
Nov 09 03:36:36 unassigned-hostname sshd[512]: Server listening on 0.0.0.0 port 22.
Nov 09 03:36:36 unassigned-hostname sshd[512]: Server listening on :: port 22.
Nov 09 03:36:36 unassigned-hostname systemd[1]: Starting Virtualization daemon...
Nov 09 03:36:36 unassigned-hostname systemd[1]: Starting System Logging Service...
Nov 09 03:36:36 unassigned-hostname systemd[1]: Starting Permit User Sessions...
Nov 09 03:36:36 unassigned-hostname systemd[1]: Starting ACPI event daemon...
Nov 09 03:36:36 unassigned-hostname systemd[1]: Started ACPI event daemon.
Nov 09 03:36:36 unassigned-hostname systemd[1]: Starting Docker Application Container Engine...
Nov 09 03:36:36 unassigned-hostname systemd[1]: Started Docker Application Container Engine.
Nov 09 03:36:36 unassigned-hostname systemd[1]: atd.service: main process exited, code=exited, status=1/FAILURE
Nov 09 03:36:36 unassigned-hostname systemd[1]: Unit atd.service entered failed state.
Nov 09 03:36:36 unassigned-hostname systemd[1]: Started Restore /etc/resolv.conf if the system crashed before the ppp link was shut down..
Nov 09 03:36:36 unassigned-hostname systemd[1]: Started /etc/rc.local Compatibility.
Nov 09 03:36:36 unassigned-hostname systemd[1]: Started LSB: Set up cgroupfs mounts..
Nov 09 03:36:36 unassigned-hostname systemd[1]: Started Permit User Sessions.
Nov 09 03:36:36 unassigned-hostname acpid[744]: starting up with netlink and the input layer
Nov 09 03:36:36 unassigned-hostname systemd-logind[515]: Watching system buttons on /dev/input/event1 (Power Button)
Nov 09 03:36:36 unassigned-hostname systemd-logind[515]: New seat seat0.
Nov 09 03:36:36 unassigned-hostname systemd[1]: Started Login Service.
Nov 09 03:36:36 unassigned-hostname systemd[1]: Starting Terminate Plymouth Boot Screen...
Nov 09 03:36:36 unassigned-hostname dbus[522]: [system] Activating via systemd: service name='org.freedesktop.PolicyKit1' unit='polkitd.service'
Nov 09 03:36:36 unassigned-hostname acpid[744]: 1 rule loaded
Nov 09 03:36:36 unassigned-hostname acpid[744]: waiting for events: event logging is off
Nov 09 03:36:36 unassigned-hostname systemd[1]: Starting Wait for Plymouth Boot Screen to Quit...
Nov 09 03:36:36 unassigned-hostname systemd[1]: Starting Authenticate and Authorize Users to Run Privileged Tasks...
Nov 09 03:36:36 unassigned-hostname pmie[517]: /etc/init.d/pmie: Warning: Performance Co-Pilot Inference Engine (pmie) is disabled.
Nov 09 03:36:36 unassigned-hostname systemd[1]: Started Wait for Plymouth Boot Screen to Quit.
Nov 09 03:36:36 unassigned-hostname systemd[1]: Starting Getty on tty1...
Nov 09 03:36:36 unassigned-hostname systemd[1]: Started Getty on tty1.
Nov 09 03:36:36 unassigned-hostname systemd[1]: Starting Serial Getty on ttyS0...
Nov 09 03:36:36 unassigned-hostname systemd[1]: Started Serial Getty on ttyS0.
Nov 09 03:36:36 unassigned-hostname systemd[1]: Starting Login Prompts.
Nov 09 03:36:36 unassigned-hostname systemd[1]: Reached target Login Prompts.
Nov 09 03:36:36 unassigned-hostname systemd[1]: Started Terminate Plymouth Boot Screen.
Nov 09 03:36:36 unassigned-hostname systemd[1]: Started LSB: Control pmlogger (the performance metrics logger for PCP).
Nov 09 03:36:36 unassigned-hostname pmie[517]: To enable pmie, run the following as root:
Nov 09 03:36:36 unassigned-hostname pmie[517]: # /bin/systemctl enable pmie.service
Nov 09 03:36:36 unassigned-hostname systemd[1]: Started LSB: Control pmie (performance inference engine for PCP).
Nov 09 03:36:36 unassigned-hostname NetworkManager[508]: <info> NetworkManager (version 0.9.10.0) is starting...
Nov 09 03:36:36 unassigned-hostname NetworkManager[508]: <info> Read config: /etc/NetworkManager/NetworkManager.conf
Nov 09 03:36:36 unassigned-hostname NetworkManager[508]: <info> WEXT support is enabled
Nov 09 03:36:36 unassigned-hostname systemd[1]: Started System Logging Service.
Nov 09 03:36:36 unassigned-hostname pmcd[521]: Starting pmcd ...
Nov 09 03:36:36 unassigned-hostname polkitd[770]: started daemon version 0.105 using authority implementation `local' version `0.105'
Nov 09 03:36:36 unassigned-hostname dbus[522]: [system] Successfully activated service 'org.freedesktop.PolicyKit1'
Nov 09 03:36:36 unassigned-hostname systemd[1]: Started Authenticate and Authorize Users to Run Privileged Tasks.
Nov 09 03:36:36 unassigned-hostname pmproxy[519]: Starting pmproxy ... [Wed Nov  9 03:36:36] pmproxy(741) Error: pmproxy: __pmGetAddrInfo failure
Nov 09 03:36:36 unassigned-hostname pmproxy[519]: [Wed Nov  9 03:36:36] pmproxy(741) Error: pmproxy not started due to errors!
Nov 09 03:36:36 unassigned-hostname pmproxy[519]: failed (status=1)
Nov 09 03:36:36 unassigned-hostname kernel: cfg80211: Calling CRDA to update world regulatory domain
Nov 09 03:36:36 unassigned-hostname NetworkManager[508]: <info> init!
Nov 09 03:36:36 unassigned-hostname NetworkManager[508]: <info> update_system_hostname
Nov 09 03:36:36 unassigned-hostname NetworkManager[508]: <info>       interface-parser: parsing file /etc/network/interfaces
Nov 09 03:36:36 unassigned-hostname NetworkManager[508]: <info>       interface-parser: source line includes interfaces file(s) /etc/network/interfaces.d/*
Nov 09 03:36:36 unassigned-hostname NetworkManager[508]: <warn> interfaces file /etc/network/interfaces.d/* doesn't exist
Nov 09 03:36:36 unassigned-hostname NetworkManager[508]: <info>       interface-parser: finished parsing file /etc/network/interfaces
Nov 09 03:36:36 unassigned-hostname NetworkManager[508]: <info> guessed connection type (eth0) = 802-3-ethernet
Nov 09 03:36:36 unassigned-hostname NetworkManager[508]: Libgcrypt warning: missing initialization - please fix the application
Nov 09 03:36:36 unassigned-hostname NetworkManager[508]: <info> update_connection_setting_from_if_block: name:eth0, type:802-3-ethernet, id:Ifupdown (eth0), uuid: 681b428f-beaf-8932-dce4-687ed5bae28e
Nov 09 03:36:36 unassigned-hostname NetworkManager[508]: <info> adding eth0 to connections
Nov 09 03:36:36 unassigned-hostname NetworkManager[508]: <info> adding iface eth0 to eni_ifaces
Nov 09 03:36:36 unassigned-hostname NetworkManager[508]: <info> autoconnect
Nov 09 03:36:36 unassigned-hostname NetworkManager[508]: <info> management mode: unmanaged
Nov 09 03:36:36 unassigned-hostname NetworkManager[508]: <info> devices added (path: /sys/devices/pci0000:00/0000:00:02.0/virtio0/net/eth0, iface: eth0)
Nov 09 03:36:36 unassigned-hostname NetworkManager[508]: <info> locking wired connection setting
Nov 09 03:36:36 unassigned-hostname NetworkManager[508]: <info> devices added (path: /sys/devices/virtual/net/lo, iface: lo)
Nov 09 03:36:36 unassigned-hostname NetworkManager[508]: <info> device added (path: /sys/devices/virtual/net/lo, iface: lo): no ifupdown configuration found.
Nov 09 03:36:36 unassigned-hostname NetworkManager[508]: <info> end _init.
Nov 09 03:36:36 unassigned-hostname NetworkManager[508]: <info> Loaded plugin ifupdown: (C) 2008 Canonical Ltd.  To report bugs please use the NetworkManager mailing list.
Nov 09 03:36:36 unassigned-hostname NetworkManager[508]: <info> Loaded plugin keyfile: (c) 2007 - 2013 Red Hat, Inc.  To report bugs please use the NetworkManager mailing list.
Nov 09 03:36:36 unassigned-hostname NetworkManager[508]: <info> (29540800) ... get_connections.
Nov 09 03:36:36 unassigned-hostname NetworkManager[508]: <info> (29540800) ... get_connections (managed=false): return empty list.
Nov 09 03:36:36 unassigned-hostname NetworkManager[508]: <info> get unmanaged devices count: 1
Nov 09 03:36:36 unassigned-hostname NetworkManager[508]: <info> monitoring kernel firmware directory '/lib/firmware'.
Nov 09 03:36:36 unassigned-hostname NetworkManager[508]: <info> monitoring ifupdown state file '/run/network/ifstate'.
Nov 09 03:36:36 unassigned-hostname kernel: cfg80211: World regulatory domain updated:
Nov 09 03:36:36 unassigned-hostname kernel: cfg80211:  DFS Master region: unset
Nov 09 03:36:36 unassigned-hostname kernel: cfg80211:   (start_freq - end_freq @ bandwidth), (max_antenna_gain, max_eirp), (dfs_cac_time)
Nov 09 03:36:36 unassigned-hostname kernel: cfg80211:   (2402000 KHz - 2472000 KHz @ 40000 KHz), (N/A, 2000 mBm), (N/A)
Nov 09 03:36:36 unassigned-hostname kernel: cfg80211:   (2457000 KHz - 2482000 KHz @ 40000 KHz), (N/A, 2000 mBm), (N/A)
Nov 09 03:36:36 unassigned-hostname kernel: cfg80211:   (2474000 KHz - 2494000 KHz @ 20000 KHz), (N/A, 2000 mBm), (N/A)
Nov 09 03:36:36 unassigned-hostname kernel: cfg80211:   (5170000 KHz - 5250000 KHz @ 80000 KHz, 160000 KHz AUTO), (N/A, 2000 mBm), (N/A)
Nov 09 03:36:36 unassigned-hostname kernel: cfg80211:   (5250000 KHz - 5330000 KHz @ 80000 KHz, 160000 KHz AUTO), (N/A, 2000 mBm), (0 s)
Nov 09 03:36:36 unassigned-hostname kernel: cfg80211:   (5490000 KHz - 5730000 KHz @ 160000 KHz), (N/A, 2000 mBm), (0 s)
Nov 09 03:36:36 unassigned-hostname kernel: cfg80211:   (5735000 KHz - 5835000 KHz @ 80000 KHz), (N/A, 2000 mBm), (N/A)
Nov 09 03:36:36 unassigned-hostname kernel: cfg80211:   (57240000 KHz - 63720000 KHz @ 2160000 KHz), (N/A, 0 mBm), (N/A)
Nov 09 03:36:36 unassigned-hostname NetworkManager[508]: <info> WiFi hardware radio set enabled
Nov 09 03:36:36 unassigned-hostname NetworkManager[508]: <info> WWAN hardware radio set enabled
Nov 09 03:36:36 unassigned-hostname NetworkManager[508]: <info> Loaded device plugin: /usr/lib/x86_64-linux-gnu/NetworkManager/libnm-device-plugin-adsl.so
Nov 09 03:36:36 unassigned-hostname NetworkManager[508]: <info> Loaded device plugin: /usr/lib/x86_64-linux-gnu/NetworkManager/libnm-device-plugin-wifi.so
Nov 09 03:36:36 unassigned-hostname NetworkManager[508]: <info> Loaded device plugin: /usr/lib/x86_64-linux-gnu/NetworkManager/libnm-device-plugin-wwan.so
Nov 09 03:36:36 unassigned-hostname NetworkManager[508]: <info> Loaded device plugin: /usr/lib/x86_64-linux-gnu/NetworkManager/libnm-device-plugin-bluetooth.so
Nov 09 03:36:36 unassigned-hostname systemd[1]: Started Network Manager.
Nov 09 03:36:36 unassigned-hostname NetworkManager[508]: <info> WiFi enabled by radio killswitch; enabled by state file
Nov 09 03:36:36 unassigned-hostname NetworkManager[508]: <info> WWAN enabled by radio killswitch; enabled by state file
Nov 09 03:36:36 unassigned-hostname NetworkManager[508]: <info> WiMAX enabled by radio killswitch; enabled by state file
Nov 09 03:36:36 unassigned-hostname NetworkManager[508]: <info> Networking is enabled by state file
Nov 09 03:36:36 unassigned-hostname NetworkManager[508]: <info> (lo): link connected
Nov 09 03:36:36 unassigned-hostname NetworkManager[508]: <info> (lo): carrier is ON
Nov 09 03:36:36 unassigned-hostname NetworkManager[508]: <info> (lo): new Generic device (driver: 'unknown' ifindex: 1)
Nov 09 03:36:36 unassigned-hostname NetworkManager[508]: <info> (lo): exported as /org/freedesktop/NetworkManager/Devices/0
Nov 09 03:36:36 unassigned-hostname NetworkManager[508]: <info> (eth0): link connected
Nov 09 03:36:36 unassigned-hostname NetworkManager[508]: <info> (eth0): carrier is ON
Nov 09 03:36:36 unassigned-hostname NetworkManager[508]: <info> (eth0): new Ethernet device (driver: 'virtio_net' ifindex: 2)
Nov 09 03:36:36 unassigned-hostname NetworkManager[508]: <info> (eth0): exported as /org/freedesktop/NetworkManager/Devices/1
Nov 09 03:36:36 unassigned-hostname NetworkManager[508]: <info> startup complete
Nov 09 03:36:36 unassigned-hostname NetworkManager[508]: <info> NetworkManager state is now CONNECTED_GLOBAL
Nov 09 03:36:36 unassigned-hostname exim4[518]: Starting MTA: exim4.
Nov 09 03:36:36 unassigned-hostname systemd[1]: Started LSB: exim Mail Transport Agent.
Nov 09 03:36:36 unassigned-hostname systemd[1]: Started LSB: Control pmcd (the collection daemon for PCP).
Nov 09 03:36:37 unassigned-hostname NetworkManager[508]: <info> ModemManager disappeared from bus
Nov 09 03:36:37 unassigned-hostname systemd[1]: Started Modem Manager.
Nov 09 03:36:37 unassigned-hostname NetworkManager[508]: <info> ModemManager available in the bus
Nov 09 03:36:37 unassigned-hostname kernel: aufs: module is from the staging directory, the quality is unknown, you have been warned.
Nov 09 03:36:37 unassigned-hostname kernel: aufs 3.16-20140908+setfl
Nov 09 03:36:37 unassigned-hostname docker[751]: time="2016-11-09T03:36:37-05:00" level=info msg="+job init_networkdriver()"
Nov 09 03:36:37 unassigned-hostname kernel: Bridge firewalling registered
Nov 09 03:36:37 unassigned-hostname kernel: nf_conntrack version 0.5.0 (8002 buckets, 32008 max)
Nov 09 03:36:37 unassigned-hostname docker[751]: time="2016-11-09T03:36:37-05:00" level=info msg="+job serveapi(fd://)"
Nov 09 03:36:37 unassigned-hostname docker[751]: time="2016-11-09T03:36:37-05:00" level=info msg="Listening for HTTP on fd ()"
Nov 09 03:36:37 unassigned-hostname kernel: IPv6: ADDRCONF(NETDEV_UP): docker0: link is not ready
Nov 09 03:36:37 unassigned-hostname NetworkManager[508]: <info> (docker0): carrier is OFF
Nov 09 03:36:37 unassigned-hostname NetworkManager[508]: <info> (docker0): new Bridge device (driver: 'bridge' ifindex: 3)
Nov 09 03:36:37 unassigned-hostname NetworkManager[508]: <info> (docker0): exported as /org/freedesktop/NetworkManager/Devices/2
Nov 09 03:36:37 unassigned-hostname NetworkManager[508]: <info> (docker0): device state change: unmanaged -> unavailable (reason 'managed') [10 20 2]
Nov 09 03:36:37 unassigned-hostname NetworkManager[508]: <info> (docker0): preparing device
Nov 09 03:36:37 unassigned-hostname NetworkManager[508]: <info> (docker0): device state change: unavailable -> disconnected (reason 'none') [20 30 0]
Nov 09 03:36:37 unassigned-hostname NetworkManager[508]: <info> Activation (docker0) starting connection 'docker0'
Nov 09 03:36:37 unassigned-hostname NetworkManager[508]: <info> Activation (docker0) Stage 1 of 5 (Device Prepare) scheduled...
Nov 09 03:36:37 unassigned-hostname NetworkManager[508]: <info> Activation (docker0) Stage 1 of 5 (Device Prepare) started...
Nov 09 03:36:37 unassigned-hostname NetworkManager[508]: <info> (docker0): device state change: disconnected -> prepare (reason 'none') [30 40 0]
Nov 09 03:36:37 unassigned-hostname NetworkManager[508]: <info> Activation (docker0) Stage 2 of 5 (Device Configure) scheduled...
Nov 09 03:36:37 unassigned-hostname NetworkManager[508]: <info> Activation (docker0) Stage 1 of 5 (Device Prepare) complete.
Nov 09 03:36:37 unassigned-hostname NetworkManager[508]: <info> Activation (docker0) Stage 2 of 5 (Device Configure) starting...
Nov 09 03:36:37 unassigned-hostname NetworkManager[508]: <info> (docker0): device state change: prepare -> config (reason 'none') [40 50 0]
Nov 09 03:36:37 unassigned-hostname NetworkManager[508]: <info> Activation (docker0) Stage 2 of 5 (Device Configure) successful.
Nov 09 03:36:37 unassigned-hostname NetworkManager[508]: <info> Activation (docker0) Stage 3 of 5 (IP Configure Start) scheduled.
Nov 09 03:36:37 unassigned-hostname NetworkManager[508]: <info> Activation (docker0) Stage 2 of 5 (Device Configure) complete.
Nov 09 03:36:37 unassigned-hostname NetworkManager[508]: <info> Activation (docker0) Stage 3 of 5 (IP Configure Start) started...
Nov 09 03:36:37 unassigned-hostname NetworkManager[508]: <info> (docker0): device state change: config -> ip-config (reason 'none') [50 70 0]
Nov 09 03:36:37 unassigned-hostname NetworkManager[508]: <info> Activation (docker0) Stage 5 of 5 (IPv4 Configure Commit) scheduled...
Nov 09 03:36:37 unassigned-hostname NetworkManager[508]: <info> (docker0): IPv6 config waiting until carrier is on
Nov 09 03:36:37 unassigned-hostname NetworkManager[508]: <info> Activation (docker0) Stage 3 of 5 (IP Configure Start) complete.
Nov 09 03:36:37 unassigned-hostname NetworkManager[508]: <info> Activation (docker0) Stage 5 of 5 (IPv4 Commit) started...
Nov 09 03:36:37 unassigned-hostname NetworkManager[508]: <info> (docker0): device state change: ip-config -> ip-check (reason 'none') [70 80 0]
Nov 09 03:36:37 unassigned-hostname NetworkManager[508]: <info> Activation (docker0) Stage 5 of 5 (IPv4 Commit) complete.
Nov 09 03:36:37 unassigned-hostname NetworkManager[508]: <info> (docker0): device state change: ip-check -> secondaries (reason 'none') [80 90 0]
Nov 09 03:36:37 unassigned-hostname NetworkManager[508]: <info> (docker0): device state change: secondaries -> activated (reason 'none') [90 100 0]
Nov 09 03:36:37 unassigned-hostname NetworkManager[508]: <info> Activation (docker0) successful, device activated.
Nov 09 03:36:37 unassigned-hostname dbus[522]: [system] Activating via systemd: service name='org.freedesktop.nm_dispatcher' unit='dbus-org.freedesktop.nm-dispatcher.service'
Nov 09 03:36:37 unassigned-hostname NetworkManager[508]: <info> devices added (path: /sys/devices/virtual/net/docker0, iface: docker0)
Nov 09 03:36:37 unassigned-hostname systemd[1]: Starting Network Manager Script Dispatcher Service...
Nov 09 03:36:37 unassigned-hostname NetworkManager[508]: <info> device added (path: /sys/devices/virtual/net/docker0, iface: docker0): no ifupdown configuration found.
Nov 09 03:36:37 unassigned-hostname kernel: ip_tables: (C) 2000-2006 Netfilter Core Team
Nov 09 03:36:37 unassigned-hostname dbus[522]: [system] Successfully activated service 'org.freedesktop.nm_dispatcher'
Nov 09 03:36:37 unassigned-hostname systemd[1]: Started Network Manager Script Dispatcher Service.
Nov 09 03:36:37 unassigned-hostname nm-dispatcher[1020]: Dispatching action 'up' for docker0
Nov 09 03:36:37 unassigned-hostname systemd[1]: Started Virtualization daemon.
Nov 09 03:36:37 unassigned-hostname systemd[1]: Starting Suspend Active Libvirt Guests...
Nov 09 03:36:37 unassigned-hostname systemd[1]: Started Suspend Active Libvirt Guests.
Nov 09 03:36:37 unassigned-hostname docker[751]: time="2016-11-09T03:36:37-05:00" level=info msg="-job init_networkdriver() = OK (0)"
Nov 09 03:36:37 unassigned-hostname NetworkManager[508]: <info> (virbr0): carrier is OFF
Nov 09 03:36:37 unassigned-hostname NetworkManager[508]: <info> (virbr0): new Bridge device (driver: 'bridge' ifindex: 4)
Nov 09 03:36:37 unassigned-hostname NetworkManager[508]: <info> (virbr0): exported as /org/freedesktop/NetworkManager/Devices/3
Nov 09 03:36:37 unassigned-hostname NetworkManager[508]: <info> (virbr0): device state change: unmanaged -> unavailable (reason 'managed') [10 20 2]
Nov 09 03:36:37 unassigned-hostname NetworkManager[508]: <info> (virbr0): preparing device
Nov 09 03:36:37 unassigned-hostname NetworkManager[508]: <info> (virbr0): device state change: unavailable -> disconnected (reason 'none') [20 30 0]
Nov 09 03:36:37 unassigned-hostname kernel: IPv6: ADDRCONF(NETDEV_UP): virbr0: link is not ready
Nov 09 03:36:37 unassigned-hostname NetworkManager[508]: <info> devices added (path: /sys/devices/virtual/net/virbr0, iface: virbr0)
Nov 09 03:36:37 unassigned-hostname NetworkManager[508]: <info> device added (path: /sys/devices/virtual/net/virbr0, iface: virbr0): no ifupdown configuration found.
Nov 09 03:36:37 unassigned-hostname NetworkManager[508]: <info> Activation (virbr0) starting connection 'virbr0'
Nov 09 03:36:37 unassigned-hostname NetworkManager[508]: <info> Activation (virbr0) Stage 1 of 5 (Device Prepare) scheduled...
Nov 09 03:36:37 unassigned-hostname NetworkManager[508]: <info> Activation (virbr0) Stage 1 of 5 (Device Prepare) started...
Nov 09 03:36:37 unassigned-hostname NetworkManager[508]: <info> (virbr0): device state change: disconnected -> prepare (reason 'none') [30 40 0]
Nov 09 03:36:37 unassigned-hostname NetworkManager[508]: <info> Activation (virbr0) Stage 2 of 5 (Device Configure) scheduled...
Nov 09 03:36:37 unassigned-hostname NetworkManager[508]: <info> Activation (virbr0) Stage 1 of 5 (Device Prepare) complete.
Nov 09 03:36:37 unassigned-hostname NetworkManager[508]: <info> Activation (virbr0) Stage 2 of 5 (Device Configure) starting...
Nov 09 03:36:37 unassigned-hostname NetworkManager[508]: <info> (virbr0): device state change: prepare -> config (reason 'none') [40 50 0]
Nov 09 03:36:37 unassigned-hostname NetworkManager[508]: <info> Activation (virbr0) Stage 2 of 5 (Device Configure) successful.
Nov 09 03:36:37 unassigned-hostname NetworkManager[508]: <info> Activation (virbr0) Stage 3 of 5 (IP Configure Start) scheduled.
Nov 09 03:36:37 unassigned-hostname NetworkManager[508]: <info> Activation (virbr0) Stage 2 of 5 (Device Configure) complete.
Nov 09 03:36:37 unassigned-hostname NetworkManager[508]: <info> Activation (virbr0) Stage 3 of 5 (IP Configure Start) started...
Nov 09 03:36:37 unassigned-hostname NetworkManager[508]: <info> (virbr0): device state change: config -> ip-config (reason 'none') [50 70 0]
Nov 09 03:36:37 unassigned-hostname NetworkManager[508]: <info> Activation (virbr0) Stage 5 of 5 (IPv4 Configure Commit) scheduled...
Nov 09 03:36:37 unassigned-hostname NetworkManager[508]: <info> (virbr0): IPv6 config waiting until carrier is on
Nov 09 03:36:37 unassigned-hostname NetworkManager[508]: <info> Activation (virbr0) Stage 3 of 5 (IP Configure Start) complete.
Nov 09 03:36:37 unassigned-hostname NetworkManager[508]: <info> Activation (virbr0) Stage 5 of 5 (IPv4 Commit) started...
Nov 09 03:36:37 unassigned-hostname NetworkManager[508]: <info> (virbr0): device state change: ip-config -> ip-check (reason 'none') [70 80 0]
Nov 09 03:36:37 unassigned-hostname NetworkManager[508]: <info> Activation (virbr0) Stage 5 of 5 (IPv4 Commit) complete.
Nov 09 03:36:37 unassigned-hostname NetworkManager[508]: <info> (virbr0): device state change: ip-check -> secondaries (reason 'none') [80 90 0]
Nov 09 03:36:37 unassigned-hostname NetworkManager[508]: <info> (virbr0): device state change: secondaries -> activated (reason 'none') [90 100 0]
Nov 09 03:36:37 unassigned-hostname dnsmasq[1175]: started, version 2.72 cachesize 150
Nov 09 03:36:37 unassigned-hostname dnsmasq[1175]: compile time options: IPv6 GNU-getopt DBus i18n IDN DHCP DHCPv6 no-Lua TFTP conntrack ipset auth DNSSEC loop-detect
Nov 09 03:36:37 unassigned-hostname dnsmasq-dhcp[1175]: DHCP, IP range 192.168.122.2 -- 192.168.122.254, lease time 1h
Nov 09 03:36:37 unassigned-hostname dnsmasq-dhcp[1175]: DHCP, sockets bound exclusively to interface virbr0
Nov 09 03:36:37 unassigned-hostname dnsmasq[1175]: reading /etc/resolv.conf
Nov 09 03:36:37 unassigned-hostname dnsmasq[1175]: using nameserver 10.111.112.1#53
Nov 09 03:36:37 unassigned-hostname dnsmasq[1175]: read /etc/hosts - 11 addresses
Nov 09 03:36:37 unassigned-hostname dnsmasq[1175]: read /var/lib/libvirt/dnsmasq/default.addnhosts - 0 addresses
Nov 09 03:36:37 unassigned-hostname dnsmasq-dhcp[1175]: read /var/lib/libvirt/dnsmasq/default.hostsfile
Nov 09 03:36:37 unassigned-hostname NetworkManager[508]: <info> Activation (virbr0) successful, device activated.
Nov 09 03:36:37 unassigned-hostname nm-dispatcher[1020]: Dispatching action 'up' for virbr0
Nov 09 03:36:37 unassigned-hostname docker[751]: time="2016-11-09T03:36:37-05:00" level=warning msg="mountpoint for memory not found"
Nov 09 03:36:37 unassigned-hostname docker[751]: time="2016-11-09T03:36:37-05:00" level=info msg="Loading containers: start."
Nov 09 03:36:37 unassigned-hostname docker[751]: time="2016-11-09T03:36:37-05:00" level=info msg="Loading containers: done."
Nov 09 03:36:37 unassigned-hostname docker[751]: time="2016-11-09T03:36:37-05:00" level=info msg="docker daemon: 1.6.2 7c8fca2; execdriver: native-0.2; graphdriver: aufs"
Nov 09 03:36:37 unassigned-hostname docker[751]: time="2016-11-09T03:36:37-05:00" level=info msg="+job acceptconnections()"
Nov 09 03:36:37 unassigned-hostname docker[751]: time="2016-11-09T03:36:37-05:00" level=info msg="-job acceptconnections() = OK (0)"
Nov 09 03:36:37 unassigned-hostname docker[751]: time="2016-11-09T03:36:37-05:00" level=info msg="Daemon has completed initialization"
Nov 09 03:36:37 unassigned-hostname systemd[1]: Started LSB: Control pmproxy (the pmcd proxy daemon for PCP).
Nov 09 03:36:37 unassigned-hostname systemd[1]: Starting Multi-User System.
Nov 09 03:36:37 unassigned-hostname systemd[1]: Reached target Multi-User System.
Nov 09 03:36:37 unassigned-hostname systemd[1]: Starting Graphical Interface.
Nov 09 03:36:37 unassigned-hostname systemd[1]: Reached target Graphical Interface.
Nov 09 03:36:37 unassigned-hostname systemd[1]: Starting Update UTMP about System Runlevel Changes...
Nov 09 03:36:37 unassigned-hostname systemd[1]: Started Update UTMP about System Runlevel Changes.
Nov 09 03:36:37 unassigned-hostname systemd[1]: Startup finished in 798ms (kernel) + 1.989s (userspace) = 2.788s.
Nov 09 03:36:39 unassigned-hostname ModemManager[510]: <warn>  Couldn't find support for device at '/sys/devices/pci0000:00/0000:00:02.0': not supported by any plugin
Nov 09 03:36:39 unassigned-hostname dhclient[474]: DHCPREQUEST on eth0 to 255.255.255.255 port 67
Nov 09 03:36:39 unassigned-hostname dhclient[474]: DHCPOFFER from 10.111.112.1
Nov 09 03:36:39 unassigned-hostname dhclient[474]: DHCPACK from 10.111.112.1
Nov 09 03:36:39 unassigned-hostname ifup[456]: DHCPREQUEST on eth0 to 255.255.255.255 port 67
Nov 09 03:36:39 unassigned-hostname ifup[456]: DHCPOFFER from 10.111.112.1
Nov 09 03:36:39 unassigned-hostname ifup[456]: DHCPACK from 10.111.112.1
Nov 09 03:36:39 unassigned-hostname dhclient[474]: bound to 10.111.121.254 -- renewal in 1459 seconds.
Nov 09 03:36:39 unassigned-hostname ifup[456]: bound to 10.111.121.254 -- renewal in 1459 seconds.
Nov 09 03:36:39 unassigned-hostname sshd[1250]: Did not receive identification string from 10.111.112.1
Nov 09 03:36:39 unassigned-hostname sshd[1258]: Accepted publickey for root from 10.111.112.1 port 58240 ssh2: RSA 9f:92:a1:54:9f:32:f7:40:17:39:0f:bc:4e:0c:39:90
Nov 09 03:36:39 unassigned-hostname sshd[1258]: pam_unix(sshd:session): session opened for user root by (uid=0)
Nov 09 03:36:39 unassigned-hostname systemd[1]: Starting user-0.slice.
Nov 09 03:36:39 unassigned-hostname systemd[1]: Created slice user-0.slice.
Nov 09 03:36:39 unassigned-hostname systemd[1]: Starting User Manager for UID 0...
Nov 09 03:36:39 unassigned-hostname systemd[1]: Starting Session 1 of user root.
Nov 09 03:36:39 unassigned-hostname systemd-logind[515]: New session 1 of user root.
Nov 09 03:36:39 unassigned-hostname systemd[1]: Started Session 1 of user root.
Nov 09 03:36:39 unassigned-hostname systemd[1307]: pam_unix(systemd-user:session): session opened for user root by (uid=0)
Nov 09 03:36:39 unassigned-hostname systemd[1307]: Starting Paths.
Nov 09 03:36:39 unassigned-hostname systemd[1307]: Reached target Paths.
Nov 09 03:36:39 unassigned-hostname systemd[1307]: Starting Timers.
Nov 09 03:36:39 unassigned-hostname systemd[1307]: Reached target Timers.
Nov 09 03:36:39 unassigned-hostname systemd[1307]: Starting Sockets.
Nov 09 03:36:39 unassigned-hostname systemd[1307]: Reached target Sockets.
Nov 09 03:36:39 unassigned-hostname systemd[1307]: Starting Basic System.
Nov 09 03:36:39 unassigned-hostname systemd[1307]: Reached target Basic System.
Nov 09 03:36:39 unassigned-hostname systemd[1307]: Starting Default.
Nov 09 03:36:39 unassigned-hostname systemd[1307]: Reached target Default.
Nov 09 03:36:39 unassigned-hostname systemd[1307]: Startup finished in 6ms.
Nov 09 03:36:39 unassigned-hostname systemd[1]: Started User Manager for UID 0.
Nov 09 03:36:39 unassigned-hostname systemd[1]: Reloading.
Nov 09 03:36:39 unassigned-hostname systemd[1]: Started ACPI event daemon.
Nov 09 03:36:39 unassigned-hostname systemd[1]: Listening on ACPID Listen Socket.
Nov 09 03:36:39 unassigned-hostname systemd[1]: Mounted /.
Nov 09 03:36:39 unassigned-hostname systemd[1]: Reached target Network is Online.
Nov 09 03:36:39 unassigned-hostname systemd[1]: Started LSB: RPC portmapper replacement.
Nov 09 03:36:39 unassigned-hostname systemd[1]: Reached target RPC Port Mapper.
Nov 09 03:36:39 unassigned-hostname systemd[1]: Activated swap /dev/disk/by-uuid/29932663-8422-4b0c-a466-42a21ecfb13e.
Nov 09 03:36:39 unassigned-hostname systemd[1]: Activated swap /dev/vda5.
Nov 09 03:36:39 unassigned-hostname systemd[1]: Activated swap /dev/disk/by-id/virtio-ROOT-part5.
Nov 09 03:36:39 unassigned-hostname useradd[1328]: new group: name=user, GID=1001
Nov 09 03:36:39 unassigned-hostname useradd[1328]: new user: name=user, UID=1001, GID=1001, home=/home/user, shell=/bin/sh
